2026-07-03 23:33:12.817 +03:00 [INF] ShelfsService Microsoft.EntityFrameworkCore.Database.Command Executed DbCommand (23ms) [Parameters=[], CommandType='"Text"', CommandTimeout='30']
CREATE SCHEMA IF NOT EXISTS shelf_service;
2026-07-03 23:33:12.866 +03:00 [INF] ShelfsService Microsoft.EntityFrameworkCore.Database.Command Executed DbCommand (6ms) [Parameters=[], CommandType='"Text"', CommandTimeout='30']
SELECT "MigrationId", "ProductVersion"
FROM shelf_service."__EFMigrationsHistory"
ORDER BY "MigrationId";
2026-07-03 23:33:13.130 +03:00 [INF] ShelfsService Microsoft.EntityFrameworkCore.Database.Command Executed DbCommand (20ms) [Parameters=[], CommandType='"Text"', CommandTimeout='30']
DO $EF$
BEGIN
    IF NOT EXISTS(SELECT 1 FROM pg_namespace WHERE nspname = 'shelf_service') THEN
        CREATE SCHEMA shelf_service;
    END IF;
END $EF$;
CREATE TABLE IF NOT EXISTS shelf_service."__EFMigrationsHistory" (
    "MigrationId" character varying(150) NOT NULL,
    "ProductVersion" character varying(32) NOT NULL,
    CONSTRAINT "PK___EFMigrationsHistory" PRIMARY KEY ("MigrationId")
);
2026-07-03 23:33:13.142 +03:00 [INF] ShelfsService Microsoft.EntityFrameworkCore.Migrations Acquiring an exclusive lock for migration application. See https://aka.ms/efcore-docs-migrations-lock for more information if this takes too long.
2026-07-03 23:33:13.146 +03:00 [INF] ShelfsService Microsoft.EntityFrameworkCore.Database.Command Executed DbCommand (3ms) [Parameters=[], CommandType='"Text"', CommandTimeout='30']
LOCK TABLE shelf_service."__EFMigrationsHistory" IN ACCESS EXCLUSIVE MODE
2026-07-03 23:33:13.148 +03:00 [INF] ShelfsService Microsoft.EntityFrameworkCore.Database.Command Executed DbCommand (1ms) [Parameters=[], CommandType='"Text"', CommandTimeout='30']
SELECT "MigrationId", "ProductVersion"
FROM shelf_service."__EFMigrationsHistory"
ORDER BY "MigrationId";
2026-07-03 23:33:13.153 +03:00 [INF] ShelfsService Microsoft.EntityFrameworkCore.Migrations No migrations were applied. The database is already up to date.
2026-07-03 23:33:13.927 +03:00 [INF] ShelfsService Microsoft.EntityFrameworkCore.Database.Command Executed DbCommand (12ms) [Parameters=[], CommandType='"Text"', CommandTimeout='30']
SELECT a."Id", a."AttributeKey", a."Name"
FROM shelf_service."Attributes" AS a
2026-07-03 23:33:13.988 +03:00 [INF] ShelfsService Microsoft.EntityFrameworkCore.Database.Command Executed DbCommand (3ms) [Parameters=[], CommandType='"Text"', CommandTimeout='30']
SELECT a."Id", a."AttributeId", a."AttributeKey", a."AttributeValue"
FROM shelf_service."AttributesValues" AS a
2026-07-03 23:33:14.018 +03:00 [INF] ShelfsService FastEndpoints.StartupTimer Registered 12 endpoints in 5 088 milliseconds.
2026-07-03 23:33:14.083 +03:00 [INF] ShelfsService Microsoft.EntityFrameworkCore.Database.Command Executed DbCommand (5ms) [Parameters=[], CommandType='"Text"', CommandTimeout='30']
CREATE SCHEMA IF NOT EXISTS shelf_service;
2026-07-03 23:33:14.093 +03:00 [INF] ShelfsService Microsoft.EntityFrameworkCore.Database.Command Executed DbCommand (2ms) [Parameters=[], CommandType='"Text"', CommandTimeout='30']
SELECT "MigrationId", "ProductVersion"
FROM shelf_service."__EFMigrationsHistory"
ORDER BY "MigrationId";
2026-07-03 23:33:14.157 +03:00 [INF] ShelfsService Microsoft.EntityFrameworkCore.Database.Command Executed DbCommand (2ms) [Parameters=[], CommandType='"Text"', CommandTimeout='30']
DO $EF$
BEGIN
    IF NOT EXISTS(SELECT 1 FROM pg_namespace WHERE nspname = 'shelf_service') THEN
        CREATE SCHEMA shelf_service;
    END IF;
END $EF$;
CREATE TABLE IF NOT EXISTS shelf_service."__EFMigrationsHistory" (
    "MigrationId" character varying(150) NOT NULL,
    "ProductVersion" character varying(32) NOT NULL,
    CONSTRAINT "PK___EFMigrationsHistory" PRIMARY KEY ("MigrationId")
);
2026-07-03 23:33:14.169 +03:00 [INF] ShelfsService Microsoft.EntityFrameworkCore.Database.Command Executed DbCommand (2ms) [Parameters=[], CommandType='"Text"', CommandTimeout='30']
LOCK TABLE shelf_service."__EFMigrationsHistory" IN ACCESS EXCLUSIVE MODE
2026-07-03 23:33:14.174 +03:00 [INF] ShelfsService Microsoft.EntityFrameworkCore.Database.Command Executed DbCommand (2ms) [Parameters=[], CommandType='"Text"', CommandTimeout='30']
SELECT "MigrationId", "ProductVersion"
FROM shelf_service."__EFMigrationsHistory"
ORDER BY "MigrationId";
2026-07-03 23:33:14.174 +03:00 [INF] ShelfsService Microsoft.EntityFrameworkCore.Migrations No migrations were applied. The database is already up to date.
2026-07-03 23:33:14.189 +03:00 [INF] ShelfsService Microsoft.EntityFrameworkCore.Database.Command Executed DbCommand (2ms) [Parameters=[], CommandType='"Text"', CommandTimeout='30']
SELECT "MigrationId", "ProductVersion"
FROM shelf_service."__EFMigrationsHistory"
ORDER BY "MigrationId";
2026-07-03 23:33:14.216 +03:00 [INF] ShelfsService Microsoft.EntityFrameworkCore.Database.Command Executed DbCommand (2ms) [Parameters=[], CommandType='"Text"', CommandTimeout='30']
DO $EF$
BEGIN
    IF NOT EXISTS(SELECT 1 FROM pg_namespace WHERE nspname = 'shelf_service') THEN
        CREATE SCHEMA shelf_service;
    END IF;
END $EF$;
CREATE TABLE IF NOT EXISTS shelf_service."__EFMigrationsHistory" (
    "MigrationId" character varying(150) NOT NULL,
    "ProductVersion" character varying(32) NOT NULL,
    CONSTRAINT "PK___EFMigrationsHistory" PRIMARY KEY ("MigrationId")
);
2026-07-03 23:33:14.220 +03:00 [INF] ShelfsService Microsoft.EntityFrameworkCore.Database.Command Executed DbCommand (2ms) [Parameters=[], CommandType='"Text"', CommandTimeout='30']
LOCK TABLE shelf_service."__EFMigrationsHistory" IN ACCESS EXCLUSIVE MODE
2026-07-03 23:33:14.222 +03:00 [INF] ShelfsService Microsoft.EntityFrameworkCore.Database.Command Executed DbCommand (2ms) [Parameters=[], CommandType='"Text"', CommandTimeout='30']
SELECT "MigrationId", "ProductVersion"
FROM shelf_service."__EFMigrationsHistory"
ORDER BY "MigrationId";
2026-07-03 23:33:14.222 +03:00 [INF] ShelfsService Microsoft.EntityFrameworkCore.Migrations No migrations were applied. The database is already up to date.
2026-07-03 23:33:14.278 +03:00 [INF] ShelfsService Microsoft.EntityFrameworkCore.Database.Command Executed DbCommand (3ms) [Parameters=[], CommandType='"Text"', CommandTimeout='30']
SELECT EXISTS (
    SELECT 1
    FROM shelf_service."Shelfs" AS s)
2026-07-03 23:33:14.289 +03:00 [INF] ShelfsService Microsoft.EntityFrameworkCore.Database.Command Executed DbCommand (3ms) [Parameters=[], CommandType='"Text"', CommandTimeout='30']
SELECT EXISTS (
    SELECT 1
    FROM shelf_service."Items" AS i)
2026-07-03 23:33:14.295 +03:00 [INF] ShelfsService Microsoft.EntityFrameworkCore.Database.Command Executed DbCommand (2ms) [Parameters=[], CommandType='"Text"', CommandTimeout='30']
SELECT EXISTS (
    SELECT 1
    FROM shelf_service."AttributesValues" AS a)
2026-07-03 23:33:14.302 +03:00 [INF] ShelfsService Microsoft.EntityFrameworkCore.Database.Command Executed DbCommand (3ms) [Parameters=[], CommandType='"Text"', CommandTimeout='30']
SELECT EXISTS (
    SELECT 1
    FROM shelf_service."Attributes" AS a)
2026-07-03 23:33:14.819 +03:00 [INF] ShelfsService Microsoft.Hosting.Lifetime Application started. Press Ctrl+C to shut down.
2026-07-03 23:33:14.819 +03:00 [INF] ShelfsService Microsoft.Hosting.Lifetime Hosting environment: Development
2026-07-03 23:33:14.819 +03:00 [INF] ShelfsService Microsoft.Hosting.Lifetime Content root path: D:\visualStudio\Projects\OnlineShelf\backend\Microservices\ShelfsService
2026-07-03 23:33:14.839 +03:00 [INF] ShelfsService Serilog.AspNetCore.RequestLoggingMiddleware HTTP GET /swagger/index.html responded 200 in 123.9640 ms
2026-07-03 23:33:15.208 +03:00 [INF] ShelfsService Serilog.AspNetCore.RequestLoggingMiddleware HTTP GET /swagger/v1/swagger.json responded 200 in 16.3081 ms
2026-07-03 23:49:06.761 +03:00 [INF] ShelfsService Microsoft.EntityFrameworkCore.Database.Command Executed DbCommand (23ms) [Parameters=[], CommandType='"Text"', CommandTimeout='30']
CREATE SCHEMA IF NOT EXISTS shelf_service;
2026-07-03 23:49:06.810 +03:00 [INF] ShelfsService Microsoft.EntityFrameworkCore.Database.Command Executed DbCommand (4ms) [Parameters=[], CommandType='"Text"', CommandTimeout='30']
SELECT "MigrationId", "ProductVersion"
FROM shelf_service."__EFMigrationsHistory"
ORDER BY "MigrationId";
2026-07-03 23:49:07.044 +03:00 [INF] ShelfsService Microsoft.EntityFrameworkCore.Database.Command Executed DbCommand (8ms) [Parameters=[], CommandType='"Text"', CommandTimeout='30']
DO $EF$
BEGIN
    IF NOT EXISTS(SELECT 1 FROM pg_namespace WHERE nspname = 'shelf_service') THEN
        CREATE SCHEMA shelf_service;
    END IF;
END $EF$;
CREATE TABLE IF NOT EXISTS shelf_service."__EFMigrationsHistory" (
    "MigrationId" character varying(150) NOT NULL,
    "ProductVersion" character varying(32) NOT NULL,
    CONSTRAINT "PK___EFMigrationsHistory" PRIMARY KEY ("MigrationId")
);
2026-07-03 23:49:07.055 +03:00 [INF] ShelfsService Microsoft.EntityFrameworkCore.Migrations Acquiring an exclusive lock for migration application. See https://aka.ms/efcore-docs-migrations-lock for more information if this takes too long.
2026-07-03 23:49:07.057 +03:00 [INF] ShelfsService Microsoft.EntityFrameworkCore.Database.Command Executed DbCommand (1ms) [Parameters=[], CommandType='"Text"', CommandTimeout='30']
LOCK TABLE shelf_service."__EFMigrationsHistory" IN ACCESS EXCLUSIVE MODE
2026-07-03 23:49:07.058 +03:00 [INF] ShelfsService Microsoft.EntityFrameworkCore.Database.Command Executed DbCommand (1ms) [Parameters=[], CommandType='"Text"', CommandTimeout='30']
SELECT "MigrationId", "ProductVersion"
FROM shelf_service."__EFMigrationsHistory"
ORDER BY "MigrationId";
2026-07-03 23:49:07.062 +03:00 [INF] ShelfsService Microsoft.EntityFrameworkCore.Migrations No migrations were applied. The database is already up to date.
2026-07-03 23:49:07.561 +03:00 [INF] ShelfsService Microsoft.EntityFrameworkCore.Database.Command Executed DbCommand (11ms) [Parameters=[], CommandType='"Text"', CommandTimeout='30']
SELECT a."Id", a."AttributeKey", a."Name"
FROM shelf_service."Attributes" AS a
2026-07-03 23:49:07.626 +03:00 [INF] ShelfsService Microsoft.EntityFrameworkCore.Database.Command Executed DbCommand (3ms) [Parameters=[], CommandType='"Text"', CommandTimeout='30']
SELECT a."Id", a."AttributeId", a."AttributeKey", a."AttributeValue"
FROM shelf_service."AttributesValues" AS a
2026-07-03 23:49:07.654 +03:00 [INF] ShelfsService FastEndpoints.StartupTimer Registered 12 endpoints in 2 242 milliseconds.
2026-07-03 23:49:07.730 +03:00 [INF] ShelfsService Microsoft.EntityFrameworkCore.Database.Command Executed DbCommand (5ms) [Parameters=[], CommandType='"Text"', CommandTimeout='30']
CREATE SCHEMA IF NOT EXISTS shelf_service;
2026-07-03 23:49:07.741 +03:00 [INF] ShelfsService Microsoft.EntityFrameworkCore.Database.Command Executed DbCommand (2ms) [Parameters=[], CommandType='"Text"', CommandTimeout='30']
SELECT "MigrationId", "ProductVersion"
FROM shelf_service."__EFMigrationsHistory"
ORDER BY "MigrationId";
2026-07-03 23:49:07.825 +03:00 [INF] ShelfsService Microsoft.EntityFrameworkCore.Database.Command Executed DbCommand (2ms) [Parameters=[], CommandType='"Text"', CommandTimeout='30']
DO $EF$
BEGIN
    IF NOT EXISTS(SELECT 1 FROM pg_namespace WHERE nspname = 'shelf_service') THEN
        CREATE SCHEMA shelf_service;
    END IF;
END $EF$;
CREATE TABLE IF NOT EXISTS shelf_service."__EFMigrationsHistory" (
    "MigrationId" character varying(150) NOT NULL,
    "ProductVersion" character varying(32) NOT NULL,
    CONSTRAINT "PK___EFMigrationsHistory" PRIMARY KEY ("MigrationId")
);
2026-07-03 23:49:07.840 +03:00 [INF] ShelfsService Microsoft.EntityFrameworkCore.Database.Command Executed DbCommand (2ms) [Parameters=[], CommandType='"Text"', CommandTimeout='30']
LOCK TABLE shelf_service."__EFMigrationsHistory" IN ACCESS EXCLUSIVE MODE
2026-07-03 23:49:07.846 +03:00 [INF] ShelfsService Microsoft.EntityFrameworkCore.Database.Command Executed DbCommand (2ms) [Parameters=[], CommandType='"Text"', CommandTimeout='30']
SELECT "MigrationId", "ProductVersion"
FROM shelf_service."__EFMigrationsHistory"
ORDER BY "MigrationId";
2026-07-03 23:49:07.846 +03:00 [INF] ShelfsService Microsoft.EntityFrameworkCore.Migrations No migrations were applied. The database is already up to date.
2026-07-03 23:49:07.861 +03:00 [INF] ShelfsService Microsoft.EntityFrameworkCore.Database.Command Executed DbCommand (3ms) [Parameters=[], CommandType='"Text"', CommandTimeout='30']
SELECT "MigrationId", "ProductVersion"
FROM shelf_service."__EFMigrationsHistory"
ORDER BY "MigrationId";
2026-07-03 23:49:07.893 +03:00 [INF] ShelfsService Microsoft.EntityFrameworkCore.Database.Command Executed DbCommand (3ms) [Parameters=[], CommandType='"Text"', CommandTimeout='30']
DO $EF$
BEGIN
    IF NOT EXISTS(SELECT 1 FROM pg_namespace WHERE nspname = 'shelf_service') THEN
        CREATE SCHEMA shelf_service;
    END IF;
END $EF$;
CREATE TABLE IF NOT EXISTS shelf_service."__EFMigrationsHistory" (
    "MigrationId" character varying(150) NOT NULL,
    "ProductVersion" character varying(32) NOT NULL,
    CONSTRAINT "PK___EFMigrationsHistory" PRIMARY KEY ("MigrationId")
);
2026-07-03 23:49:07.895 +03:00 [INF] ShelfsService Microsoft.EntityFrameworkCore.Database.Command Executed DbCommand (2ms) [Parameters=[], CommandType='"Text"', CommandTimeout='30']
LOCK TABLE shelf_service."__EFMigrationsHistory" IN ACCESS EXCLUSIVE MODE
2026-07-03 23:49:07.899 +03:00 [INF] ShelfsService Microsoft.EntityFrameworkCore.Database.Command Executed DbCommand (3ms) [Parameters=[], CommandType='"Text"', CommandTimeout='30']
SELECT "MigrationId", "ProductVersion"
FROM shelf_service."__EFMigrationsHistory"
ORDER BY "MigrationId";
2026-07-03 23:49:07.899 +03:00 [INF] ShelfsService Microsoft.EntityFrameworkCore.Migrations No migrations were applied. The database is already up to date.
2026-07-03 23:49:07.977 +03:00 [INF] ShelfsService Microsoft.EntityFrameworkCore.Database.Command Executed DbCommand (3ms) [Parameters=[], CommandType='"Text"', CommandTimeout='30']
SELECT EXISTS (
    SELECT 1
    FROM shelf_service."Shelfs" AS s)
2026-07-03 23:49:07.989 +03:00 [INF] ShelfsService Microsoft.EntityFrameworkCore.Database.Command Executed DbCommand (3ms) [Parameters=[], CommandType='"Text"', CommandTimeout='30']
SELECT EXISTS (
    SELECT 1
    FROM shelf_service."Items" AS i)
2026-07-03 23:49:07.997 +03:00 [INF] ShelfsService Microsoft.EntityFrameworkCore.Database.Command Executed DbCommand (4ms) [Parameters=[], CommandType='"Text"', CommandTimeout='30']
SELECT EXISTS (
    SELECT 1
    FROM shelf_service."AttributesValues" AS a)
2026-07-03 23:49:08.005 +03:00 [INF] ShelfsService Microsoft.EntityFrameworkCore.Database.Command Executed DbCommand (2ms) [Parameters=[], CommandType='"Text"', CommandTimeout='30']
SELECT EXISTS (
    SELECT 1
    FROM shelf_service."Attributes" AS a)
2026-07-03 23:49:08.331 +03:00 [INF] ShelfsService Microsoft.Hosting.Lifetime Application started. Press Ctrl+C to shut down.
2026-07-03 23:49:08.332 +03:00 [INF] ShelfsService Microsoft.Hosting.Lifetime Hosting environment: Development
2026-07-03 23:49:08.332 +03:00 [INF] ShelfsService Microsoft.Hosting.Lifetime Content root path: D:\visualStudio\Projects\OnlineShelf\backend\Microservices\ShelfsService
2026-07-03 23:49:08.451 +03:00 [INF] ShelfsService Serilog.AspNetCore.RequestLoggingMiddleware HTTP GET /swagger/index.html responded 200 in 130.4858 ms
2026-07-03 23:49:08.813 +03:00 [INF] ShelfsService Serilog.AspNetCore.RequestLoggingMiddleware HTTP GET /swagger/v1/swagger.json responded 200 in 16.6448 ms
