2026-07-04 00:06:42.904 +03:00 [ERR] ShelfsService Serilog.AspNetCore.RequestLoggingMiddleware HTTP GET /shelfs/image/recognize/c611a8e2-5ab5-4670-a665-ea724c6de2a9_big.webp responded 500 in 6693.0000 ms
Grpc.Core.RpcException: Status(StatusCode="Unavailable", Detail="Error connecting to subchannel.", DebugException="System.Net.Sockets.SocketException: No such host is known.")
 ---> System.Net.Sockets.SocketException (11001): No such host is known.
   at System.Net.Sockets.Socket.AwaitableSocketAsyncEventArgs.ThrowException(SocketError error, CancellationToken cancellationToken)
   at System.Net.Sockets.Socket.AwaitableSocketAsyncEventArgs.System.Threading.Tasks.Sources.IValueTaskSource.GetResult(Int16 token)
   at System.Net.Sockets.Socket.<ConnectAsync>g__WaitForConnectWithCancellation|285_0(AwaitableSocketAsyncEventArgs saea, ValueTask connectTask, CancellationToken cancellationToken)
   at Grpc.Net.Client.Balancer.Internal.SocketConnectivitySubchannelTransport.TryConnectAsync(ConnectContext context, Int32 attempt)
   --- End of inner exception stack trace ---
   at Grpc.Net.Client.Balancer.Internal.ConnectionManager.PickAsync(PickContext context, Boolean waitForReady, CancellationToken cancellationToken)
   at Grpc.Net.Client.Balancer.Internal.BalancerHttpHandler.SendAsync(HttpRequestMessage request, CancellationToken cancellationToken)
   at System.Net.Http.HttpMessageInvoker.<SendAsync>g__SendAsyncWithTelemetry|6_0(HttpMessageHandler handler, HttpRequestMessage request, CancellationToken cancellationToken)
   at Grpc.Net.Client.Internal.GrpcCall`2.RunCall(HttpRequestMessage request, Nullable`1 timeout)
   at Grpc.Net.Client.Internal.GrpcCall`2.GetResponseHeadersCoreAsync()
   at Grpc.Net.Client.Internal.HttpClientCallInvoker.BlockingUnaryCall[TRequest,TResponse](Method`2 method, String host, CallOptions options, TRequest request)
   at Grpc.Core.Interceptors.InterceptingCallInvoker.<BlockingUnaryCall>b__3_0[TRequest,TResponse](TRequest req, ClientInterceptorContext`2 ctx)
   at Grpc.Core.ClientBase.ClientBaseConfiguration.ClientBaseConfigurationInterceptor.BlockingUnaryCall[TRequest,TResponse](TRequest request, ClientInterceptorContext`2 context, BlockingUnaryCallContinuation`2 continuation)
   at Grpc.Core.Interceptors.InterceptingCallInvoker.BlockingUnaryCall[TRequest,TResponse](Method`2 method, String host, CallOptions options, TRequest request)
   at ImageService.Protos.ImageProcessor.ImageProcessorClient.RecognizeImageByName(RecognizeImageByNameRequest request, CallOptions options) in D:\visualStudio\Projects\OnlineShelf\backend\Microservices\ShelfsService\obj\Debug\net8.0\src\ShelfsService.Host\Protos\ImageProcessingGrpc.cs:line 294
   at ImageService.Protos.ImageProcessor.ImageProcessorClient.RecognizeImageByName(RecognizeImageByNameRequest request, Metadata headers, Nullable`1 deadline, CancellationToken cancellationToken) in D:\visualStudio\Projects\OnlineShelf\backend\Microservices\ShelfsService\obj\Debug\net8.0\src\ShelfsService.Host\Protos\ImageProcessingGrpc.cs:line 289
   at ShelfsService.src.ShelfsService.Host.Features.Items.RecognizeImageByName.HandleAsync(HttpRecognizeImageByNameReqest req, CancellationToken ct) in D:\visualStudio\Projects\OnlineShelf\backend\Microservices\ShelfsService\src\ShelfsService.Host\Features\Images\RecognizeImageByName.cs:line 42
   at FastEndpoints.Endpoint`2.ExecAsync(CancellationToken ct)
   at FastEndpoints.Endpoint`2.ExecAsync(CancellationToken ct)
   at Microsoft.AspNetCore.Http.RequestDelegateFactory.ExecuteResultWriteResponse(IResult result, HttpContext httpContext)
   at Microsoft.AspNetCore.Authorization.AuthorizationMiddleware.Invoke(HttpContext context)
   at Microsoft.AspNetCore.Authentication.AuthenticationMiddleware.Invoke(HttpContext context)
   at Swashbuckle.AspNetCore.SwaggerUI.SwaggerUIMiddleware.Invoke(HttpContext httpContext)
   at Swashbuckle.AspNetCore.Swagger.SwaggerMiddleware.Invoke(HttpContext httpContext, ISwaggerProvider swaggerProvider)
   at Serilog.AspNetCore.RequestLoggingMiddleware.Invoke(HttpContext httpContext)
2026-07-04 00:06:42.921 +03:00 [ERR] ShelfsService Microsoft.AspNetCore.Diagnostics.DeveloperExceptionPageMiddleware An unhandled exception has occurred while executing the request.
Grpc.Core.RpcException: Status(StatusCode="Unavailable", Detail="Error connecting to subchannel.", DebugException="System.Net.Sockets.SocketException: No such host is known.")
 ---> System.Net.Sockets.SocketException (11001): No such host is known.
   at System.Net.Sockets.Socket.AwaitableSocketAsyncEventArgs.ThrowException(SocketError error, CancellationToken cancellationToken)
   at System.Net.Sockets.Socket.AwaitableSocketAsyncEventArgs.System.Threading.Tasks.Sources.IValueTaskSource.GetResult(Int16 token)
   at System.Net.Sockets.Socket.<ConnectAsync>g__WaitForConnectWithCancellation|285_0(AwaitableSocketAsyncEventArgs saea, ValueTask connectTask, CancellationToken cancellationToken)
   at Grpc.Net.Client.Balancer.Internal.SocketConnectivitySubchannelTransport.TryConnectAsync(ConnectContext context, Int32 attempt)
   --- End of inner exception stack trace ---
   at Grpc.Net.Client.Balancer.Internal.ConnectionManager.PickAsync(PickContext context, Boolean waitForReady, CancellationToken cancellationToken)
   at Grpc.Net.Client.Balancer.Internal.BalancerHttpHandler.SendAsync(HttpRequestMessage request, CancellationToken cancellationToken)
   at System.Net.Http.HttpMessageInvoker.<SendAsync>g__SendAsyncWithTelemetry|6_0(HttpMessageHandler handler, HttpRequestMessage request, CancellationToken cancellationToken)
   at Grpc.Net.Client.Internal.GrpcCall`2.RunCall(HttpRequestMessage request, Nullable`1 timeout)
   at Grpc.Net.Client.Internal.GrpcCall`2.GetResponseHeadersCoreAsync()
   at Grpc.Net.Client.Internal.HttpClientCallInvoker.BlockingUnaryCall[TRequest,TResponse](Method`2 method, String host, CallOptions options, TRequest request)
   at Grpc.Core.Interceptors.InterceptingCallInvoker.<BlockingUnaryCall>b__3_0[TRequest,TResponse](TRequest req, ClientInterceptorContext`2 ctx)
   at Grpc.Core.ClientBase.ClientBaseConfiguration.ClientBaseConfigurationInterceptor.BlockingUnaryCall[TRequest,TResponse](TRequest request, ClientInterceptorContext`2 context, BlockingUnaryCallContinuation`2 continuation)
   at Grpc.Core.Interceptors.InterceptingCallInvoker.BlockingUnaryCall[TRequest,TResponse](Method`2 method, String host, CallOptions options, TRequest request)
   at ImageService.Protos.ImageProcessor.ImageProcessorClient.RecognizeImageByName(RecognizeImageByNameRequest request, CallOptions options) in D:\visualStudio\Projects\OnlineShelf\backend\Microservices\ShelfsService\obj\Debug\net8.0\src\ShelfsService.Host\Protos\ImageProcessingGrpc.cs:line 294
   at ImageService.Protos.ImageProcessor.ImageProcessorClient.RecognizeImageByName(RecognizeImageByNameRequest request, Metadata headers, Nullable`1 deadline, CancellationToken cancellationToken) in D:\visualStudio\Projects\OnlineShelf\backend\Microservices\ShelfsService\obj\Debug\net8.0\src\ShelfsService.Host\Protos\ImageProcessingGrpc.cs:line 289
   at ShelfsService.src.ShelfsService.Host.Features.Items.RecognizeImageByName.HandleAsync(HttpRecognizeImageByNameReqest req, CancellationToken ct) in D:\visualStudio\Projects\OnlineShelf\backend\Microservices\ShelfsService\src\ShelfsService.Host\Features\Images\RecognizeImageByName.cs:line 42
   at FastEndpoints.Endpoint`2.ExecAsync(CancellationToken ct)
   at FastEndpoints.Endpoint`2.ExecAsync(CancellationToken ct)
   at Microsoft.AspNetCore.Http.RequestDelegateFactory.ExecuteResultWriteResponse(IResult result, HttpContext httpContext)
   at Microsoft.AspNetCore.Authorization.AuthorizationMiddleware.Invoke(HttpContext context)
   at Microsoft.AspNetCore.Authentication.AuthenticationMiddleware.Invoke(HttpContext context)
   at Swashbuckle.AspNetCore.SwaggerUI.SwaggerUIMiddleware.Invoke(HttpContext httpContext)
   at Swashbuckle.AspNetCore.Swagger.SwaggerMiddleware.Invoke(HttpContext httpContext, ISwaggerProvider swaggerProvider)
   at Serilog.AspNetCore.RequestLoggingMiddleware.Invoke(HttpContext httpContext)
   at Microsoft.AspNetCore.Diagnostics.DeveloperExceptionPageMiddlewareImpl.Invoke(HttpContext context)
2026-07-04 23:55:59.742 +03:00 [ERR] ShelfsService Serilog.AspNetCore.RequestLoggingMiddleware HTTP GET /shelfs/image/get-image/c611a8e2-5ab5-4670-a665-ea724c6de2a9_big.webp responded 500 in 17852.7719 ms
Grpc.Core.RpcException: Status(StatusCode="Unavailable", Detail="Error connecting to subchannel.", DebugException="System.Net.Sockets.SocketException: No such host is known.")
 ---> System.Net.Sockets.SocketException (11001): No such host is known.
   at System.Net.Sockets.Socket.AwaitableSocketAsyncEventArgs.ThrowException(SocketError error, CancellationToken cancellationToken)
   at System.Net.Sockets.Socket.AwaitableSocketAsyncEventArgs.System.Threading.Tasks.Sources.IValueTaskSource.GetResult(Int16 token)
   at System.Net.Sockets.Socket.<ConnectAsync>g__WaitForConnectWithCancellation|285_0(AwaitableSocketAsyncEventArgs saea, ValueTask connectTask, CancellationToken cancellationToken)
   at Grpc.Net.Client.Balancer.Internal.SocketConnectivitySubchannelTransport.TryConnectAsync(ConnectContext context, Int32 attempt)
   --- End of inner exception stack trace ---
   at Grpc.Net.Client.Internal.HttpContentClientStreamReader`2.MoveNextCore(CancellationToken cancellationToken)
   at Grpc.Core.AsyncStreamReaderExtensions.ReadAllAsyncCore[T](IAsyncStreamReader`1 streamReader, CancellationToken cancellationToken)+MoveNext()
   at Grpc.Core.AsyncStreamReaderExtensions.ReadAllAsyncCore[T](IAsyncStreamReader`1 streamReader, CancellationToken cancellationToken)+System.Threading.Tasks.Sources.IValueTaskSource<System.Boolean>.GetResult()
   at ShelfsService.src.ShelfsService.Host.Features.Items.GetPhotoByName.ExecuteAsync(GetImageByName req, CancellationToken ct) in D:\visualStudio\Projects\OnlineShelf\backend\Microservices\ShelfsService\src\ShelfsService.Host\Features\Images\GetImageByName.cs:line 50
   at ShelfsService.src.ShelfsService.Host.Features.Items.GetPhotoByName.ExecuteAsync(GetImageByName req, CancellationToken ct) in D:\visualStudio\Projects\OnlineShelf\backend\Microservices\ShelfsService\src\ShelfsService.Host\Features\Images\GetImageByName.cs:line 50
   at FastEndpoints.Endpoint`2.ExecAsync(CancellationToken ct)
   at FastEndpoints.Endpoint`2.ExecAsync(CancellationToken ct)
   at Microsoft.AspNetCore.Http.RequestDelegateFactory.ExecuteResultWriteResponse(IResult result, HttpContext httpContext)
   at Microsoft.AspNetCore.Authorization.AuthorizationMiddleware.Invoke(HttpContext context)
   at Microsoft.AspNetCore.Authentication.AuthenticationMiddleware.Invoke(HttpContext context)
   at Swashbuckle.AspNetCore.SwaggerUI.SwaggerUIMiddleware.Invoke(HttpContext httpContext)
   at Swashbuckle.AspNetCore.Swagger.SwaggerMiddleware.Invoke(HttpContext httpContext, ISwaggerProvider swaggerProvider)
   at Serilog.AspNetCore.RequestLoggingMiddleware.Invoke(HttpContext httpContext)
2026-07-04 23:55:59.759 +03:00 [ERR] ShelfsService Microsoft.AspNetCore.Diagnostics.DeveloperExceptionPageMiddleware An unhandled exception has occurred while executing the request.
Grpc.Core.RpcException: Status(StatusCode="Unavailable", Detail="Error connecting to subchannel.", DebugException="System.Net.Sockets.SocketException: No such host is known.")
 ---> System.Net.Sockets.SocketException (11001): No such host is known.
   at System.Net.Sockets.Socket.AwaitableSocketAsyncEventArgs.ThrowException(SocketError error, CancellationToken cancellationToken)
   at System.Net.Sockets.Socket.AwaitableSocketAsyncEventArgs.System.Threading.Tasks.Sources.IValueTaskSource.GetResult(Int16 token)
   at System.Net.Sockets.Socket.<ConnectAsync>g__WaitForConnectWithCancellation|285_0(AwaitableSocketAsyncEventArgs saea, ValueTask connectTask, CancellationToken cancellationToken)
   at Grpc.Net.Client.Balancer.Internal.SocketConnectivitySubchannelTransport.TryConnectAsync(ConnectContext context, Int32 attempt)
   --- End of inner exception stack trace ---
   at Grpc.Net.Client.Internal.HttpContentClientStreamReader`2.MoveNextCore(CancellationToken cancellationToken)
   at Grpc.Core.AsyncStreamReaderExtensions.ReadAllAsyncCore[T](IAsyncStreamReader`1 streamReader, CancellationToken cancellationToken)+MoveNext()
   at Grpc.Core.AsyncStreamReaderExtensions.ReadAllAsyncCore[T](IAsyncStreamReader`1 streamReader, CancellationToken cancellationToken)+System.Threading.Tasks.Sources.IValueTaskSource<System.Boolean>.GetResult()
   at ShelfsService.src.ShelfsService.Host.Features.Items.GetPhotoByName.ExecuteAsync(GetImageByName req, CancellationToken ct) in D:\visualStudio\Projects\OnlineShelf\backend\Microservices\ShelfsService\src\ShelfsService.Host\Features\Images\GetImageByName.cs:line 50
   at ShelfsService.src.ShelfsService.Host.Features.Items.GetPhotoByName.ExecuteAsync(GetImageByName req, CancellationToken ct) in D:\visualStudio\Projects\OnlineShelf\backend\Microservices\ShelfsService\src\ShelfsService.Host\Features\Images\GetImageByName.cs:line 50
   at FastEndpoints.Endpoint`2.ExecAsync(CancellationToken ct)
   at FastEndpoints.Endpoint`2.ExecAsync(CancellationToken ct)
   at Microsoft.AspNetCore.Http.RequestDelegateFactory.ExecuteResultWriteResponse(IResult result, HttpContext httpContext)
   at Microsoft.AspNetCore.Authorization.AuthorizationMiddleware.Invoke(HttpContext context)
   at Microsoft.AspNetCore.Authentication.AuthenticationMiddleware.Invoke(HttpContext context)
   at Swashbuckle.AspNetCore.SwaggerUI.SwaggerUIMiddleware.Invoke(HttpContext httpContext)
   at Swashbuckle.AspNetCore.Swagger.SwaggerMiddleware.Invoke(HttpContext httpContext, ISwaggerProvider swaggerProvider)
   at Serilog.AspNetCore.RequestLoggingMiddleware.Invoke(HttpContext httpContext)
   at Microsoft.AspNetCore.Diagnostics.DeveloperExceptionPageMiddlewareImpl.Invoke(HttpContext context)
2026-07-04 23:56:07.905 +03:00 [ERR] ShelfsService Serilog.AspNetCore.RequestLoggingMiddleware HTTP GET /shelfs/image/get-image/c611a8e2-5ab5-4670-a665-ea724c6de2a9_big.webp responded 500 in 873.8545 ms
Grpc.Core.RpcException: Status(StatusCode="Unavailable", Detail="Error connecting to subchannel.", DebugException="System.Net.Sockets.SocketException: No such host is known.")
 ---> System.Net.Sockets.SocketException (11001): No such host is known.
   at System.Net.Sockets.Socket.AwaitableSocketAsyncEventArgs.ThrowException(SocketError error, CancellationToken cancellationToken)
   at System.Net.Sockets.Socket.AwaitableSocketAsyncEventArgs.System.Threading.Tasks.Sources.IValueTaskSource.GetResult(Int16 token)
   at System.Net.Sockets.Socket.<ConnectAsync>g__WaitForConnectWithCancellation|285_0(AwaitableSocketAsyncEventArgs saea, ValueTask connectTask, CancellationToken cancellationToken)
   at Grpc.Net.Client.Balancer.Internal.SocketConnectivitySubchannelTransport.TryConnectAsync(ConnectContext context, Int32 attempt)
   --- End of inner exception stack trace ---
   at Grpc.Net.Client.Internal.HttpContentClientStreamReader`2.MoveNextCore(CancellationToken cancellationToken)
   at Grpc.Core.AsyncStreamReaderExtensions.ReadAllAsyncCore[T](IAsyncStreamReader`1 streamReader, CancellationToken cancellationToken)+MoveNext()
   at Grpc.Core.AsyncStreamReaderExtensions.ReadAllAsyncCore[T](IAsyncStreamReader`1 streamReader, CancellationToken cancellationToken)+System.Threading.Tasks.Sources.IValueTaskSource<System.Boolean>.GetResult()
   at ShelfsService.src.ShelfsService.Host.Features.Items.GetPhotoByName.ExecuteAsync(GetImageByName req, CancellationToken ct) in D:\visualStudio\Projects\OnlineShelf\backend\Microservices\ShelfsService\src\ShelfsService.Host\Features\Images\GetImageByName.cs:line 50
   at ShelfsService.src.ShelfsService.Host.Features.Items.GetPhotoByName.ExecuteAsync(GetImageByName req, CancellationToken ct) in D:\visualStudio\Projects\OnlineShelf\backend\Microservices\ShelfsService\src\ShelfsService.Host\Features\Images\GetImageByName.cs:line 50
   at FastEndpoints.Endpoint`2.ExecAsync(CancellationToken ct)
   at FastEndpoints.Endpoint`2.ExecAsync(CancellationToken ct)
   at Microsoft.AspNetCore.Http.RequestDelegateFactory.ExecuteResultWriteResponse(IResult result, HttpContext httpContext)
   at Microsoft.AspNetCore.Authorization.AuthorizationMiddleware.Invoke(HttpContext context)
   at Microsoft.AspNetCore.Authentication.AuthenticationMiddleware.Invoke(HttpContext context)
   at Swashbuckle.AspNetCore.SwaggerUI.SwaggerUIMiddleware.Invoke(HttpContext httpContext)
   at Swashbuckle.AspNetCore.Swagger.SwaggerMiddleware.Invoke(HttpContext httpContext, ISwaggerProvider swaggerProvider)
   at Serilog.AspNetCore.RequestLoggingMiddleware.Invoke(HttpContext httpContext)
2026-07-04 23:56:07.909 +03:00 [ERR] ShelfsService Microsoft.AspNetCore.Diagnostics.DeveloperExceptionPageMiddleware An unhandled exception has occurred while executing the request.
Grpc.Core.RpcException: Status(StatusCode="Unavailable", Detail="Error connecting to subchannel.", DebugException="System.Net.Sockets.SocketException: No such host is known.")
 ---> System.Net.Sockets.SocketException (11001): No such host is known.
   at System.Net.Sockets.Socket.AwaitableSocketAsyncEventArgs.ThrowException(SocketError error, CancellationToken cancellationToken)
   at System.Net.Sockets.Socket.AwaitableSocketAsyncEventArgs.System.Threading.Tasks.Sources.IValueTaskSource.GetResult(Int16 token)
   at System.Net.Sockets.Socket.<ConnectAsync>g__WaitForConnectWithCancellation|285_0(AwaitableSocketAsyncEventArgs saea, ValueTask connectTask, CancellationToken cancellationToken)
   at Grpc.Net.Client.Balancer.Internal.SocketConnectivitySubchannelTransport.TryConnectAsync(ConnectContext context, Int32 attempt)
   --- End of inner exception stack trace ---
   at Grpc.Net.Client.Internal.HttpContentClientStreamReader`2.MoveNextCore(CancellationToken cancellationToken)
   at Grpc.Core.AsyncStreamReaderExtensions.ReadAllAsyncCore[T](IAsyncStreamReader`1 streamReader, CancellationToken cancellationToken)+MoveNext()
   at Grpc.Core.AsyncStreamReaderExtensions.ReadAllAsyncCore[T](IAsyncStreamReader`1 streamReader, CancellationToken cancellationToken)+System.Threading.Tasks.Sources.IValueTaskSource<System.Boolean>.GetResult()
   at ShelfsService.src.ShelfsService.Host.Features.Items.GetPhotoByName.ExecuteAsync(GetImageByName req, CancellationToken ct) in D:\visualStudio\Projects\OnlineShelf\backend\Microservices\ShelfsService\src\ShelfsService.Host\Features\Images\GetImageByName.cs:line 50
   at ShelfsService.src.ShelfsService.Host.Features.Items.GetPhotoByName.ExecuteAsync(GetImageByName req, CancellationToken ct) in D:\visualStudio\Projects\OnlineShelf\backend\Microservices\ShelfsService\src\ShelfsService.Host\Features\Images\GetImageByName.cs:line 50
   at FastEndpoints.Endpoint`2.ExecAsync(CancellationToken ct)
   at FastEndpoints.Endpoint`2.ExecAsync(CancellationToken ct)
   at Microsoft.AspNetCore.Http.RequestDelegateFactory.ExecuteResultWriteResponse(IResult result, HttpContext httpContext)
   at Microsoft.AspNetCore.Authorization.AuthorizationMiddleware.Invoke(HttpContext context)
   at Microsoft.AspNetCore.Authentication.AuthenticationMiddleware.Invoke(HttpContext context)
   at Swashbuckle.AspNetCore.SwaggerUI.SwaggerUIMiddleware.Invoke(HttpContext httpContext)
   at Swashbuckle.AspNetCore.Swagger.SwaggerMiddleware.Invoke(HttpContext httpContext, ISwaggerProvider swaggerProvider)
   at Serilog.AspNetCore.RequestLoggingMiddleware.Invoke(HttpContext httpContext)
   at Microsoft.AspNetCore.Diagnostics.DeveloperExceptionPageMiddlewareImpl.Invoke(HttpContext context)
