2026-07-04 00:03:03.905 +03:00 [INF] ShelfsService Microsoft.EntityFrameworkCore.Database.Command Executed DbCommand (28ms) [Parameters=[], CommandType='"Text"', CommandTimeout='30']
CREATE SCHEMA IF NOT EXISTS shelf_service;
2026-07-04 00:03:03.959 +03:00 [INF] ShelfsService Microsoft.EntityFrameworkCore.Database.Command Executed DbCommand (5ms) [Parameters=[], CommandType='"Text"', CommandTimeout='30']
SELECT "MigrationId", "ProductVersion"
FROM shelf_service."__EFMigrationsHistory"
ORDER BY "MigrationId";
2026-07-04 00:03:04.238 +03:00 [INF] ShelfsService Microsoft.EntityFrameworkCore.Database.Command Executed DbCommand (13ms) [Parameters=[], CommandType='"Text"', CommandTimeout='30']
DO $EF$
BEGIN
    IF NOT EXISTS(SELECT 1 FROM pg_namespace WHERE nspname = 'shelf_service') THEN
        CREATE SCHEMA shelf_service;
    END IF;
END $EF$;
CREATE TABLE IF NOT EXISTS shelf_service."__EFMigrationsHistory" (
    "MigrationId" character varying(150) NOT NULL,
    "ProductVersion" character varying(32) NOT NULL,
    CONSTRAINT "PK___EFMigrationsHistory" PRIMARY KEY ("MigrationId")
);
2026-07-04 00:03:04.249 +03:00 [INF] ShelfsService Microsoft.EntityFrameworkCore.Migrations Acquiring an exclusive lock for migration application. See https://aka.ms/efcore-docs-migrations-lock for more information if this takes too long.
2026-07-04 00:03:04.252 +03:00 [INF] ShelfsService Microsoft.EntityFrameworkCore.Database.Command Executed DbCommand (2ms) [Parameters=[], CommandType='"Text"', CommandTimeout='30']
LOCK TABLE shelf_service."__EFMigrationsHistory" IN ACCESS EXCLUSIVE MODE
2026-07-04 00:03:04.254 +03:00 [INF] ShelfsService Microsoft.EntityFrameworkCore.Database.Command Executed DbCommand (1ms) [Parameters=[], CommandType='"Text"', CommandTimeout='30']
SELECT "MigrationId", "ProductVersion"
FROM shelf_service."__EFMigrationsHistory"
ORDER BY "MigrationId";
2026-07-04 00:03:04.259 +03:00 [INF] ShelfsService Microsoft.EntityFrameworkCore.Migrations No migrations were applied. The database is already up to date.
2026-07-04 00:03:04.829 +03:00 [INF] ShelfsService Microsoft.EntityFrameworkCore.Database.Command Executed DbCommand (4ms) [Parameters=[], CommandType='"Text"', CommandTimeout='30']
SELECT a."Id", a."AttributeKey", a."Name"
FROM shelf_service."Attributes" AS a
2026-07-04 00:03:04.902 +03:00 [INF] ShelfsService Microsoft.EntityFrameworkCore.Database.Command Executed DbCommand (11ms) [Parameters=[], CommandType='"Text"', CommandTimeout='30']
SELECT a."Id", a."AttributeId", a."AttributeKey", a."AttributeValue"
FROM shelf_service."AttributesValues" AS a
2026-07-04 00:03:04.934 +03:00 [INF] ShelfsService FastEndpoints.StartupTimer Registered 12 endpoints in 2 483 milliseconds.
2026-07-04 00:03:05.004 +03:00 [INF] ShelfsService Microsoft.EntityFrameworkCore.Database.Command Executed DbCommand (6ms) [Parameters=[], CommandType='"Text"', CommandTimeout='30']
CREATE SCHEMA IF NOT EXISTS shelf_service;
2026-07-04 00:03:05.014 +03:00 [INF] ShelfsService Microsoft.EntityFrameworkCore.Database.Command Executed DbCommand (2ms) [Parameters=[], CommandType='"Text"', CommandTimeout='30']
SELECT "MigrationId", "ProductVersion"
FROM shelf_service."__EFMigrationsHistory"
ORDER BY "MigrationId";
2026-07-04 00:03:05.093 +03:00 [INF] ShelfsService Microsoft.EntityFrameworkCore.Database.Command Executed DbCommand (3ms) [Parameters=[], CommandType='"Text"', CommandTimeout='30']
DO $EF$
BEGIN
    IF NOT EXISTS(SELECT 1 FROM pg_namespace WHERE nspname = 'shelf_service') THEN
        CREATE SCHEMA shelf_service;
    END IF;
END $EF$;
CREATE TABLE IF NOT EXISTS shelf_service."__EFMigrationsHistory" (
    "MigrationId" character varying(150) NOT NULL,
    "ProductVersion" character varying(32) NOT NULL,
    CONSTRAINT "PK___EFMigrationsHistory" PRIMARY KEY ("MigrationId")
);
2026-07-04 00:03:05.108 +03:00 [INF] ShelfsService Microsoft.EntityFrameworkCore.Database.Command Executed DbCommand (2ms) [Parameters=[], CommandType='"Text"', CommandTimeout='30']
LOCK TABLE shelf_service."__EFMigrationsHistory" IN ACCESS EXCLUSIVE MODE
2026-07-04 00:03:05.113 +03:00 [INF] ShelfsService Microsoft.EntityFrameworkCore.Database.Command Executed DbCommand (2ms) [Parameters=[], CommandType='"Text"', CommandTimeout='30']
SELECT "MigrationId", "ProductVersion"
FROM shelf_service."__EFMigrationsHistory"
ORDER BY "MigrationId";
2026-07-04 00:03:05.113 +03:00 [INF] ShelfsService Microsoft.EntityFrameworkCore.Migrations No migrations were applied. The database is already up to date.
2026-07-04 00:03:05.127 +03:00 [INF] ShelfsService Microsoft.EntityFrameworkCore.Database.Command Executed DbCommand (2ms) [Parameters=[], CommandType='"Text"', CommandTimeout='30']
SELECT "MigrationId", "ProductVersion"
FROM shelf_service."__EFMigrationsHistory"
ORDER BY "MigrationId";
2026-07-04 00:03:05.156 +03:00 [INF] ShelfsService Microsoft.EntityFrameworkCore.Database.Command Executed DbCommand (2ms) [Parameters=[], CommandType='"Text"', CommandTimeout='30']
DO $EF$
BEGIN
    IF NOT EXISTS(SELECT 1 FROM pg_namespace WHERE nspname = 'shelf_service') THEN
        CREATE SCHEMA shelf_service;
    END IF;
END $EF$;
CREATE TABLE IF NOT EXISTS shelf_service."__EFMigrationsHistory" (
    "MigrationId" character varying(150) NOT NULL,
    "ProductVersion" character varying(32) NOT NULL,
    CONSTRAINT "PK___EFMigrationsHistory" PRIMARY KEY ("MigrationId")
);
2026-07-04 00:03:05.160 +03:00 [INF] ShelfsService Microsoft.EntityFrameworkCore.Database.Command Executed DbCommand (2ms) [Parameters=[], CommandType='"Text"', CommandTimeout='30']
LOCK TABLE shelf_service."__EFMigrationsHistory" IN ACCESS EXCLUSIVE MODE
2026-07-04 00:03:05.162 +03:00 [INF] ShelfsService Microsoft.EntityFrameworkCore.Database.Command Executed DbCommand (2ms) [Parameters=[], CommandType='"Text"', CommandTimeout='30']
SELECT "MigrationId", "ProductVersion"
FROM shelf_service."__EFMigrationsHistory"
ORDER BY "MigrationId";
2026-07-04 00:03:05.162 +03:00 [INF] ShelfsService Microsoft.EntityFrameworkCore.Migrations No migrations were applied. The database is already up to date.
2026-07-04 00:03:05.225 +03:00 [INF] ShelfsService Microsoft.EntityFrameworkCore.Database.Command Executed DbCommand (2ms) [Parameters=[], CommandType='"Text"', CommandTimeout='30']
SELECT EXISTS (
    SELECT 1
    FROM shelf_service."Shelfs" AS s)
2026-07-04 00:03:05.237 +03:00 [INF] ShelfsService Microsoft.EntityFrameworkCore.Database.Command Executed DbCommand (3ms) [Parameters=[], CommandType='"Text"', CommandTimeout='30']
SELECT EXISTS (
    SELECT 1
    FROM shelf_service."Items" AS i)
2026-07-04 00:03:05.244 +03:00 [INF] ShelfsService Microsoft.EntityFrameworkCore.Database.Command Executed DbCommand (3ms) [Parameters=[], CommandType='"Text"', CommandTimeout='30']
SELECT EXISTS (
    SELECT 1
    FROM shelf_service."AttributesValues" AS a)
2026-07-04 00:03:05.252 +03:00 [INF] ShelfsService Microsoft.EntityFrameworkCore.Database.Command Executed DbCommand (3ms) [Parameters=[], CommandType='"Text"', CommandTimeout='30']
SELECT EXISTS (
    SELECT 1
    FROM shelf_service."Attributes" AS a)
2026-07-04 00:03:05.590 +03:00 [INF] ShelfsService Microsoft.Hosting.Lifetime Application started. Press Ctrl+C to shut down.
2026-07-04 00:03:05.590 +03:00 [INF] ShelfsService Microsoft.Hosting.Lifetime Hosting environment: Development
2026-07-04 00:03:05.590 +03:00 [INF] ShelfsService Microsoft.Hosting.Lifetime Content root path: D:\visualStudio\Projects\OnlineShelf\backend\Microservices\ShelfsService
2026-07-04 00:03:05.721 +03:00 [INF] ShelfsService Serilog.AspNetCore.RequestLoggingMiddleware HTTP GET /swagger/index.html responded 200 in 135.3143 ms
2026-07-04 00:03:06.154 +03:00 [INF] ShelfsService Serilog.AspNetCore.RequestLoggingMiddleware HTTP GET /swagger/v1/swagger.json responded 200 in 15.0932 ms
2026-07-04 00:04:54.876 +03:00 [INF] ShelfsService Microsoft.EntityFrameworkCore.Database.Command Executed DbCommand (25ms) [Parameters=[], CommandType='"Text"', CommandTimeout='30']
CREATE SCHEMA IF NOT EXISTS shelf_service;
2026-07-04 00:04:54.937 +03:00 [INF] ShelfsService Microsoft.EntityFrameworkCore.Database.Command Executed DbCommand (5ms) [Parameters=[], CommandType='"Text"', CommandTimeout='30']
SELECT "MigrationId", "ProductVersion"
FROM shelf_service."__EFMigrationsHistory"
ORDER BY "MigrationId";
2026-07-04 00:04:55.187 +03:00 [INF] ShelfsService Microsoft.EntityFrameworkCore.Database.Command Executed DbCommand (7ms) [Parameters=[], CommandType='"Text"', CommandTimeout='30']
DO $EF$
BEGIN
    IF NOT EXISTS(SELECT 1 FROM pg_namespace WHERE nspname = 'shelf_service') THEN
        CREATE SCHEMA shelf_service;
    END IF;
END $EF$;
CREATE TABLE IF NOT EXISTS shelf_service."__EFMigrationsHistory" (
    "MigrationId" character varying(150) NOT NULL,
    "ProductVersion" character varying(32) NOT NULL,
    CONSTRAINT "PK___EFMigrationsHistory" PRIMARY KEY ("MigrationId")
);
2026-07-04 00:04:55.194 +03:00 [INF] ShelfsService Microsoft.EntityFrameworkCore.Migrations Acquiring an exclusive lock for migration application. See https://aka.ms/efcore-docs-migrations-lock for more information if this takes too long.
2026-07-04 00:04:55.197 +03:00 [INF] ShelfsService Microsoft.EntityFrameworkCore.Database.Command Executed DbCommand (1ms) [Parameters=[], CommandType='"Text"', CommandTimeout='30']
LOCK TABLE shelf_service."__EFMigrationsHistory" IN ACCESS EXCLUSIVE MODE
2026-07-04 00:04:55.198 +03:00 [INF] ShelfsService Microsoft.EntityFrameworkCore.Database.Command Executed DbCommand (1ms) [Parameters=[], CommandType='"Text"', CommandTimeout='30']
SELECT "MigrationId", "ProductVersion"
FROM shelf_service."__EFMigrationsHistory"
ORDER BY "MigrationId";
2026-07-04 00:04:55.203 +03:00 [INF] ShelfsService Microsoft.EntityFrameworkCore.Migrations No migrations were applied. The database is already up to date.
2026-07-04 00:04:55.718 +03:00 [INF] ShelfsService Microsoft.EntityFrameworkCore.Database.Command Executed DbCommand (12ms) [Parameters=[], CommandType='"Text"', CommandTimeout='30']
SELECT a."Id", a."AttributeKey", a."Name"
FROM shelf_service."Attributes" AS a
2026-07-04 00:04:55.780 +03:00 [INF] ShelfsService Microsoft.EntityFrameworkCore.Database.Command Executed DbCommand (3ms) [Parameters=[], CommandType='"Text"', CommandTimeout='30']
SELECT a."Id", a."AttributeId", a."AttributeKey", a."AttributeValue"
FROM shelf_service."AttributesValues" AS a
2026-07-04 00:04:55.811 +03:00 [INF] ShelfsService FastEndpoints.StartupTimer Registered 12 endpoints in 2 250 milliseconds.
2026-07-04 00:04:55.882 +03:00 [INF] ShelfsService Microsoft.EntityFrameworkCore.Database.Command Executed DbCommand (6ms) [Parameters=[], CommandType='"Text"', CommandTimeout='30']
CREATE SCHEMA IF NOT EXISTS shelf_service;
2026-07-04 00:04:55.895 +03:00 [INF] ShelfsService Microsoft.EntityFrameworkCore.Database.Command Executed DbCommand (3ms) [Parameters=[], CommandType='"Text"', CommandTimeout='30']
SELECT "MigrationId", "ProductVersion"
FROM shelf_service."__EFMigrationsHistory"
ORDER BY "MigrationId";
2026-07-04 00:04:55.962 +03:00 [INF] ShelfsService Microsoft.EntityFrameworkCore.Database.Command Executed DbCommand (2ms) [Parameters=[], CommandType='"Text"', CommandTimeout='30']
DO $EF$
BEGIN
    IF NOT EXISTS(SELECT 1 FROM pg_namespace WHERE nspname = 'shelf_service') THEN
        CREATE SCHEMA shelf_service;
    END IF;
END $EF$;
CREATE TABLE IF NOT EXISTS shelf_service."__EFMigrationsHistory" (
    "MigrationId" character varying(150) NOT NULL,
    "ProductVersion" character varying(32) NOT NULL,
    CONSTRAINT "PK___EFMigrationsHistory" PRIMARY KEY ("MigrationId")
);
2026-07-04 00:04:55.975 +03:00 [INF] ShelfsService Microsoft.EntityFrameworkCore.Database.Command Executed DbCommand (2ms) [Parameters=[], CommandType='"Text"', CommandTimeout='30']
LOCK TABLE shelf_service."__EFMigrationsHistory" IN ACCESS EXCLUSIVE MODE
2026-07-04 00:04:55.980 +03:00 [INF] ShelfsService Microsoft.EntityFrameworkCore.Database.Command Executed DbCommand (2ms) [Parameters=[], CommandType='"Text"', CommandTimeout='30']
SELECT "MigrationId", "ProductVersion"
FROM shelf_service."__EFMigrationsHistory"
ORDER BY "MigrationId";
2026-07-04 00:04:55.981 +03:00 [INF] ShelfsService Microsoft.EntityFrameworkCore.Migrations No migrations were applied. The database is already up to date.
2026-07-04 00:04:55.997 +03:00 [INF] ShelfsService Microsoft.EntityFrameworkCore.Database.Command Executed DbCommand (2ms) [Parameters=[], CommandType='"Text"', CommandTimeout='30']
SELECT "MigrationId", "ProductVersion"
FROM shelf_service."__EFMigrationsHistory"
ORDER BY "MigrationId";
2026-07-04 00:04:56.029 +03:00 [INF] ShelfsService Microsoft.EntityFrameworkCore.Database.Command Executed DbCommand (2ms) [Parameters=[], CommandType='"Text"', CommandTimeout='30']
DO $EF$
BEGIN
    IF NOT EXISTS(SELECT 1 FROM pg_namespace WHERE nspname = 'shelf_service') THEN
        CREATE SCHEMA shelf_service;
    END IF;
END $EF$;
CREATE TABLE IF NOT EXISTS shelf_service."__EFMigrationsHistory" (
    "MigrationId" character varying(150) NOT NULL,
    "ProductVersion" character varying(32) NOT NULL,
    CONSTRAINT "PK___EFMigrationsHistory" PRIMARY KEY ("MigrationId")
);
2026-07-04 00:04:56.033 +03:00 [INF] ShelfsService Microsoft.EntityFrameworkCore.Database.Command Executed DbCommand (2ms) [Parameters=[], CommandType='"Text"', CommandTimeout='30']
LOCK TABLE shelf_service."__EFMigrationsHistory" IN ACCESS EXCLUSIVE MODE
2026-07-04 00:04:56.035 +03:00 [INF] ShelfsService Microsoft.EntityFrameworkCore.Database.Command Executed DbCommand (2ms) [Parameters=[], CommandType='"Text"', CommandTimeout='30']
SELECT "MigrationId", "ProductVersion"
FROM shelf_service."__EFMigrationsHistory"
ORDER BY "MigrationId";
2026-07-04 00:04:56.035 +03:00 [INF] ShelfsService Microsoft.EntityFrameworkCore.Migrations No migrations were applied. The database is already up to date.
2026-07-04 00:04:56.101 +03:00 [INF] ShelfsService Microsoft.EntityFrameworkCore.Database.Command Executed DbCommand (2ms) [Parameters=[], CommandType='"Text"', CommandTimeout='30']
SELECT EXISTS (
    SELECT 1
    FROM shelf_service."Shelfs" AS s)
2026-07-04 00:04:56.114 +03:00 [INF] ShelfsService Microsoft.EntityFrameworkCore.Database.Command Executed DbCommand (2ms) [Parameters=[], CommandType='"Text"', CommandTimeout='30']
SELECT EXISTS (
    SELECT 1
    FROM shelf_service."Items" AS i)
2026-07-04 00:04:56.121 +03:00 [INF] ShelfsService Microsoft.EntityFrameworkCore.Database.Command Executed DbCommand (2ms) [Parameters=[], CommandType='"Text"', CommandTimeout='30']
SELECT EXISTS (
    SELECT 1
    FROM shelf_service."AttributesValues" AS a)
2026-07-04 00:04:56.130 +03:00 [INF] ShelfsService Microsoft.EntityFrameworkCore.Database.Command Executed DbCommand (4ms) [Parameters=[], CommandType='"Text"', CommandTimeout='30']
SELECT EXISTS (
    SELECT 1
    FROM shelf_service."Attributes" AS a)
2026-07-04 00:04:56.442 +03:00 [INF] ShelfsService Microsoft.Hosting.Lifetime Application started. Press Ctrl+C to shut down.
2026-07-04 00:04:56.443 +03:00 [INF] ShelfsService Microsoft.Hosting.Lifetime Hosting environment: Development
2026-07-04 00:04:56.445 +03:00 [INF] ShelfsService Microsoft.Hosting.Lifetime Content root path: D:\visualStudio\Projects\OnlineShelf\backend\Microservices\ShelfsService
2026-07-04 00:04:56.570 +03:00 [INF] ShelfsService Serilog.AspNetCore.RequestLoggingMiddleware HTTP GET /swagger/index.html responded 200 in 127.1698 ms
2026-07-04 00:04:56.934 +03:00 [INF] ShelfsService Serilog.AspNetCore.RequestLoggingMiddleware HTTP GET /swagger/v1/swagger.json responded 200 in 14.1803 ms
2026-07-04 00:06:22.743 +03:00 [INF] ShelfsService Microsoft.EntityFrameworkCore.Database.Command Executed DbCommand (24ms) [Parameters=[], CommandType='"Text"', CommandTimeout='30']
CREATE SCHEMA IF NOT EXISTS shelf_service;
2026-07-04 00:06:22.790 +03:00 [INF] ShelfsService Microsoft.EntityFrameworkCore.Database.Command Executed DbCommand (5ms) [Parameters=[], CommandType='"Text"', CommandTimeout='30']
SELECT "MigrationId", "ProductVersion"
FROM shelf_service."__EFMigrationsHistory"
ORDER BY "MigrationId";
2026-07-04 00:06:23.020 +03:00 [INF] ShelfsService Microsoft.EntityFrameworkCore.Database.Command Executed DbCommand (6ms) [Parameters=[], CommandType='"Text"', CommandTimeout='30']
DO $EF$
BEGIN
    IF NOT EXISTS(SELECT 1 FROM pg_namespace WHERE nspname = 'shelf_service') THEN
        CREATE SCHEMA shelf_service;
    END IF;
END $EF$;
CREATE TABLE IF NOT EXISTS shelf_service."__EFMigrationsHistory" (
    "MigrationId" character varying(150) NOT NULL,
    "ProductVersion" character varying(32) NOT NULL,
    CONSTRAINT "PK___EFMigrationsHistory" PRIMARY KEY ("MigrationId")
);
2026-07-04 00:06:23.030 +03:00 [INF] ShelfsService Microsoft.EntityFrameworkCore.Migrations Acquiring an exclusive lock for migration application. See https://aka.ms/efcore-docs-migrations-lock for more information if this takes too long.
2026-07-04 00:06:23.032 +03:00 [INF] ShelfsService Microsoft.EntityFrameworkCore.Database.Command Executed DbCommand (2ms) [Parameters=[], CommandType='"Text"', CommandTimeout='30']
LOCK TABLE shelf_service."__EFMigrationsHistory" IN ACCESS EXCLUSIVE MODE
2026-07-04 00:06:23.034 +03:00 [INF] ShelfsService Microsoft.EntityFrameworkCore.Database.Command Executed DbCommand (1ms) [Parameters=[], CommandType='"Text"', CommandTimeout='30']
SELECT "MigrationId", "ProductVersion"
FROM shelf_service."__EFMigrationsHistory"
ORDER BY "MigrationId";
2026-07-04 00:06:23.038 +03:00 [INF] ShelfsService Microsoft.EntityFrameworkCore.Migrations No migrations were applied. The database is already up to date.
2026-07-04 00:06:23.500 +03:00 [INF] ShelfsService Microsoft.EntityFrameworkCore.Database.Command Executed DbCommand (13ms) [Parameters=[], CommandType='"Text"', CommandTimeout='30']
SELECT a."Id", a."AttributeKey", a."Name"
FROM shelf_service."Attributes" AS a
2026-07-04 00:06:23.574 +03:00 [INF] ShelfsService Microsoft.EntityFrameworkCore.Database.Command Executed DbCommand (3ms) [Parameters=[], CommandType='"Text"', CommandTimeout='30']
SELECT a."Id", a."AttributeId", a."AttributeKey", a."AttributeValue"
FROM shelf_service."AttributesValues" AS a
2026-07-04 00:06:23.603 +03:00 [INF] ShelfsService FastEndpoints.StartupTimer Registered 12 endpoints in 2 227 milliseconds.
2026-07-04 00:06:23.676 +03:00 [INF] ShelfsService Microsoft.EntityFrameworkCore.Database.Command Executed DbCommand (5ms) [Parameters=[], CommandType='"Text"', CommandTimeout='30']
CREATE SCHEMA IF NOT EXISTS shelf_service;
2026-07-04 00:06:23.686 +03:00 [INF] ShelfsService Microsoft.EntityFrameworkCore.Database.Command Executed DbCommand (2ms) [Parameters=[], CommandType='"Text"', CommandTimeout='30']
SELECT "MigrationId", "ProductVersion"
FROM shelf_service."__EFMigrationsHistory"
ORDER BY "MigrationId";
2026-07-04 00:06:23.749 +03:00 [INF] ShelfsService Microsoft.EntityFrameworkCore.Database.Command Executed DbCommand (2ms) [Parameters=[], CommandType='"Text"', CommandTimeout='30']
DO $EF$
BEGIN
    IF NOT EXISTS(SELECT 1 FROM pg_namespace WHERE nspname = 'shelf_service') THEN
        CREATE SCHEMA shelf_service;
    END IF;
END $EF$;
CREATE TABLE IF NOT EXISTS shelf_service."__EFMigrationsHistory" (
    "MigrationId" character varying(150) NOT NULL,
    "ProductVersion" character varying(32) NOT NULL,
    CONSTRAINT "PK___EFMigrationsHistory" PRIMARY KEY ("MigrationId")
);
2026-07-04 00:06:23.765 +03:00 [INF] ShelfsService Microsoft.EntityFrameworkCore.Database.Command Executed DbCommand (2ms) [Parameters=[], CommandType='"Text"', CommandTimeout='30']
LOCK TABLE shelf_service."__EFMigrationsHistory" IN ACCESS EXCLUSIVE MODE
2026-07-04 00:06:23.770 +03:00 [INF] ShelfsService Microsoft.EntityFrameworkCore.Database.Command Executed DbCommand (2ms) [Parameters=[], CommandType='"Text"', CommandTimeout='30']
SELECT "MigrationId", "ProductVersion"
FROM shelf_service."__EFMigrationsHistory"
ORDER BY "MigrationId";
2026-07-04 00:06:23.770 +03:00 [INF] ShelfsService Microsoft.EntityFrameworkCore.Migrations No migrations were applied. The database is already up to date.
2026-07-04 00:06:23.786 +03:00 [INF] ShelfsService Microsoft.EntityFrameworkCore.Database.Command Executed DbCommand (3ms) [Parameters=[], CommandType='"Text"', CommandTimeout='30']
SELECT "MigrationId", "ProductVersion"
FROM shelf_service."__EFMigrationsHistory"
ORDER BY "MigrationId";
2026-07-04 00:06:23.812 +03:00 [INF] ShelfsService Microsoft.EntityFrameworkCore.Database.Command Executed DbCommand (2ms) [Parameters=[], CommandType='"Text"', CommandTimeout='30']
DO $EF$
BEGIN
    IF NOT EXISTS(SELECT 1 FROM pg_namespace WHERE nspname = 'shelf_service') THEN
        CREATE SCHEMA shelf_service;
    END IF;
END $EF$;
CREATE TABLE IF NOT EXISTS shelf_service."__EFMigrationsHistory" (
    "MigrationId" character varying(150) NOT NULL,
    "ProductVersion" character varying(32) NOT NULL,
    CONSTRAINT "PK___EFMigrationsHistory" PRIMARY KEY ("MigrationId")
);
2026-07-04 00:06:23.814 +03:00 [INF] ShelfsService Microsoft.EntityFrameworkCore.Database.Command Executed DbCommand (2ms) [Parameters=[], CommandType='"Text"', CommandTimeout='30']
LOCK TABLE shelf_service."__EFMigrationsHistory" IN ACCESS EXCLUSIVE MODE
2026-07-04 00:06:23.817 +03:00 [INF] ShelfsService Microsoft.EntityFrameworkCore.Database.Command Executed DbCommand (2ms) [Parameters=[], CommandType='"Text"', CommandTimeout='30']
SELECT "MigrationId", "ProductVersion"
FROM shelf_service."__EFMigrationsHistory"
ORDER BY "MigrationId";
2026-07-04 00:06:23.817 +03:00 [INF] ShelfsService Microsoft.EntityFrameworkCore.Migrations No migrations were applied. The database is already up to date.
2026-07-04 00:06:23.895 +03:00 [INF] ShelfsService Microsoft.EntityFrameworkCore.Database.Command Executed DbCommand (3ms) [Parameters=[], CommandType='"Text"', CommandTimeout='30']
SELECT EXISTS (
    SELECT 1
    FROM shelf_service."Shelfs" AS s)
2026-07-04 00:06:23.908 +03:00 [INF] ShelfsService Microsoft.EntityFrameworkCore.Database.Command Executed DbCommand (3ms) [Parameters=[], CommandType='"Text"', CommandTimeout='30']
SELECT EXISTS (
    SELECT 1
    FROM shelf_service."Items" AS i)
2026-07-04 00:06:23.916 +03:00 [INF] ShelfsService Microsoft.EntityFrameworkCore.Database.Command Executed DbCommand (2ms) [Parameters=[], CommandType='"Text"', CommandTimeout='30']
SELECT EXISTS (
    SELECT 1
    FROM shelf_service."AttributesValues" AS a)
2026-07-04 00:06:23.923 +03:00 [INF] ShelfsService Microsoft.EntityFrameworkCore.Database.Command Executed DbCommand (3ms) [Parameters=[], CommandType='"Text"', CommandTimeout='30']
SELECT EXISTS (
    SELECT 1
    FROM shelf_service."Attributes" AS a)
2026-07-04 00:06:24.252 +03:00 [INF] ShelfsService Microsoft.Hosting.Lifetime Application started. Press Ctrl+C to shut down.
2026-07-04 00:06:24.253 +03:00 [INF] ShelfsService Microsoft.Hosting.Lifetime Hosting environment: Development
2026-07-04 00:06:24.253 +03:00 [INF] ShelfsService Microsoft.Hosting.Lifetime Content root path: D:\visualStudio\Projects\OnlineShelf\backend\Microservices\ShelfsService
2026-07-04 00:06:24.389 +03:00 [INF] ShelfsService Serilog.AspNetCore.RequestLoggingMiddleware HTTP GET /swagger/index.html responded 200 in 142.5424 ms
2026-07-04 00:06:24.813 +03:00 [INF] ShelfsService Serilog.AspNetCore.RequestLoggingMiddleware HTTP GET /swagger/v1/swagger.json responded 200 in 17.5012 ms
2026-07-04 00:06:42.873 +03:00 [INF] ShelfsService Grpc.Net.Client.Internal.GrpcCall Call failed with gRPC error status. Status code: '"Unavailable"', Message: 'Error connecting to subchannel.'.
System.Net.Sockets.SocketException (11001): No such host is known.
   at System.Net.Sockets.Socket.AwaitableSocketAsyncEventArgs.ThrowException(SocketError error, CancellationToken cancellationToken)
   at System.Net.Sockets.Socket.AwaitableSocketAsyncEventArgs.System.Threading.Tasks.Sources.IValueTaskSource.GetResult(Int16 token)
   at System.Net.Sockets.Socket.<ConnectAsync>g__WaitForConnectWithCancellation|285_0(AwaitableSocketAsyncEventArgs saea, ValueTask connectTask, CancellationToken cancellationToken)
   at Grpc.Net.Client.Balancer.Internal.SocketConnectivitySubchannelTransport.TryConnectAsync(ConnectContext context, Int32 attempt)
2026-07-04 00:06:42.904 +03:00 [ERR] ShelfsService Serilog.AspNetCore.RequestLoggingMiddleware HTTP GET /shelfs/image/recognize/c611a8e2-5ab5-4670-a665-ea724c6de2a9_big.webp responded 500 in 6693.0000 ms
Grpc.Core.RpcException: Status(StatusCode="Unavailable", Detail="Error connecting to subchannel.", DebugException="System.Net.Sockets.SocketException: No such host is known.")
 ---> System.Net.Sockets.SocketException (11001): No such host is known.
   at System.Net.Sockets.Socket.AwaitableSocketAsyncEventArgs.ThrowException(SocketError error, CancellationToken cancellationToken)
   at System.Net.Sockets.Socket.AwaitableSocketAsyncEventArgs.System.Threading.Tasks.Sources.IValueTaskSource.GetResult(Int16 token)
   at System.Net.Sockets.Socket.<ConnectAsync>g__WaitForConnectWithCancellation|285_0(AwaitableSocketAsyncEventArgs saea, ValueTask connectTask, CancellationToken cancellationToken)
   at Grpc.Net.Client.Balancer.Internal.SocketConnectivitySubchannelTransport.TryConnectAsync(ConnectContext context, Int32 attempt)
   --- End of inner exception stack trace ---
   at Grpc.Net.Client.Balancer.Internal.ConnectionManager.PickAsync(PickContext context, Boolean waitForReady, CancellationToken cancellationToken)
   at Grpc.Net.Client.Balancer.Internal.BalancerHttpHandler.SendAsync(HttpRequestMessage request, CancellationToken cancellationToken)
   at System.Net.Http.HttpMessageInvoker.<SendAsync>g__SendAsyncWithTelemetry|6_0(HttpMessageHandler handler, HttpRequestMessage request, CancellationToken cancellationToken)
   at Grpc.Net.Client.Internal.GrpcCall`2.RunCall(HttpRequestMessage request, Nullable`1 timeout)
   at Grpc.Net.Client.Internal.GrpcCall`2.GetResponseHeadersCoreAsync()
   at Grpc.Net.Client.Internal.HttpClientCallInvoker.BlockingUnaryCall[TRequest,TResponse](Method`2 method, String host, CallOptions options, TRequest request)
   at Grpc.Core.Interceptors.InterceptingCallInvoker.<BlockingUnaryCall>b__3_0[TRequest,TResponse](TRequest req, ClientInterceptorContext`2 ctx)
   at Grpc.Core.ClientBase.ClientBaseConfiguration.ClientBaseConfigurationInterceptor.BlockingUnaryCall[TRequest,TResponse](TRequest request, ClientInterceptorContext`2 context, BlockingUnaryCallContinuation`2 continuation)
   at Grpc.Core.Interceptors.InterceptingCallInvoker.BlockingUnaryCall[TRequest,TResponse](Method`2 method, String host, CallOptions options, TRequest request)
   at ImageService.Protos.ImageProcessor.ImageProcessorClient.RecognizeImageByName(RecognizeImageByNameRequest request, CallOptions options) in D:\visualStudio\Projects\OnlineShelf\backend\Microservices\ShelfsService\obj\Debug\net8.0\src\ShelfsService.Host\Protos\ImageProcessingGrpc.cs:line 294
   at ImageService.Protos.ImageProcessor.ImageProcessorClient.RecognizeImageByName(RecognizeImageByNameRequest request, Metadata headers, Nullable`1 deadline, CancellationToken cancellationToken) in D:\visualStudio\Projects\OnlineShelf\backend\Microservices\ShelfsService\obj\Debug\net8.0\src\ShelfsService.Host\Protos\ImageProcessingGrpc.cs:line 289
   at ShelfsService.src.ShelfsService.Host.Features.Items.RecognizeImageByName.HandleAsync(HttpRecognizeImageByNameReqest req, CancellationToken ct) in D:\visualStudio\Projects\OnlineShelf\backend\Microservices\ShelfsService\src\ShelfsService.Host\Features\Images\RecognizeImageByName.cs:line 42
   at FastEndpoints.Endpoint`2.ExecAsync(CancellationToken ct)
   at FastEndpoints.Endpoint`2.ExecAsync(CancellationToken ct)
   at Microsoft.AspNetCore.Http.RequestDelegateFactory.ExecuteResultWriteResponse(IResult result, HttpContext httpContext)
   at Microsoft.AspNetCore.Authorization.AuthorizationMiddleware.Invoke(HttpContext context)
   at Microsoft.AspNetCore.Authentication.AuthenticationMiddleware.Invoke(HttpContext context)
   at Swashbuckle.AspNetCore.SwaggerUI.SwaggerUIMiddleware.Invoke(HttpContext httpContext)
   at Swashbuckle.AspNetCore.Swagger.SwaggerMiddleware.Invoke(HttpContext httpContext, ISwaggerProvider swaggerProvider)
   at Serilog.AspNetCore.RequestLoggingMiddleware.Invoke(HttpContext httpContext)
2026-07-04 00:06:42.921 +03:00 [ERR] ShelfsService Microsoft.AspNetCore.Diagnostics.DeveloperExceptionPageMiddleware An unhandled exception has occurred while executing the request.
Grpc.Core.RpcException: Status(StatusCode="Unavailable", Detail="Error connecting to subchannel.", DebugException="System.Net.Sockets.SocketException: No such host is known.")
 ---> System.Net.Sockets.SocketException (11001): No such host is known.
   at System.Net.Sockets.Socket.AwaitableSocketAsyncEventArgs.ThrowException(SocketError error, CancellationToken cancellationToken)
   at System.Net.Sockets.Socket.AwaitableSocketAsyncEventArgs.System.Threading.Tasks.Sources.IValueTaskSource.GetResult(Int16 token)
   at System.Net.Sockets.Socket.<ConnectAsync>g__WaitForConnectWithCancellation|285_0(AwaitableSocketAsyncEventArgs saea, ValueTask connectTask, CancellationToken cancellationToken)
   at Grpc.Net.Client.Balancer.Internal.SocketConnectivitySubchannelTransport.TryConnectAsync(ConnectContext context, Int32 attempt)
   --- End of inner exception stack trace ---
   at Grpc.Net.Client.Balancer.Internal.ConnectionManager.PickAsync(PickContext context, Boolean waitForReady, CancellationToken cancellationToken)
   at Grpc.Net.Client.Balancer.Internal.BalancerHttpHandler.SendAsync(HttpRequestMessage request, CancellationToken cancellationToken)
   at System.Net.Http.HttpMessageInvoker.<SendAsync>g__SendAsyncWithTelemetry|6_0(HttpMessageHandler handler, HttpRequestMessage request, CancellationToken cancellationToken)
   at Grpc.Net.Client.Internal.GrpcCall`2.RunCall(HttpRequestMessage request, Nullable`1 timeout)
   at Grpc.Net.Client.Internal.GrpcCall`2.GetResponseHeadersCoreAsync()
   at Grpc.Net.Client.Internal.HttpClientCallInvoker.BlockingUnaryCall[TRequest,TResponse](Method`2 method, String host, CallOptions options, TRequest request)
   at Grpc.Core.Interceptors.InterceptingCallInvoker.<BlockingUnaryCall>b__3_0[TRequest,TResponse](TRequest req, ClientInterceptorContext`2 ctx)
   at Grpc.Core.ClientBase.ClientBaseConfiguration.ClientBaseConfigurationInterceptor.BlockingUnaryCall[TRequest,TResponse](TRequest request, ClientInterceptorContext`2 context, BlockingUnaryCallContinuation`2 continuation)
   at Grpc.Core.Interceptors.InterceptingCallInvoker.BlockingUnaryCall[TRequest,TResponse](Method`2 method, String host, CallOptions options, TRequest request)
   at ImageService.Protos.ImageProcessor.ImageProcessorClient.RecognizeImageByName(RecognizeImageByNameRequest request, CallOptions options) in D:\visualStudio\Projects\OnlineShelf\backend\Microservices\ShelfsService\obj\Debug\net8.0\src\ShelfsService.Host\Protos\ImageProcessingGrpc.cs:line 294
   at ImageService.Protos.ImageProcessor.ImageProcessorClient.RecognizeImageByName(RecognizeImageByNameRequest request, Metadata headers, Nullable`1 deadline, CancellationToken cancellationToken) in D:\visualStudio\Projects\OnlineShelf\backend\Microservices\ShelfsService\obj\Debug\net8.0\src\ShelfsService.Host\Protos\ImageProcessingGrpc.cs:line 289
   at ShelfsService.src.ShelfsService.Host.Features.Items.RecognizeImageByName.HandleAsync(HttpRecognizeImageByNameReqest req, CancellationToken ct) in D:\visualStudio\Projects\OnlineShelf\backend\Microservices\ShelfsService\src\ShelfsService.Host\Features\Images\RecognizeImageByName.cs:line 42
   at FastEndpoints.Endpoint`2.ExecAsync(CancellationToken ct)
   at FastEndpoints.Endpoint`2.ExecAsync(CancellationToken ct)
   at Microsoft.AspNetCore.Http.RequestDelegateFactory.ExecuteResultWriteResponse(IResult result, HttpContext httpContext)
   at Microsoft.AspNetCore.Authorization.AuthorizationMiddleware.Invoke(HttpContext context)
   at Microsoft.AspNetCore.Authentication.AuthenticationMiddleware.Invoke(HttpContext context)
   at Swashbuckle.AspNetCore.SwaggerUI.SwaggerUIMiddleware.Invoke(HttpContext httpContext)
   at Swashbuckle.AspNetCore.Swagger.SwaggerMiddleware.Invoke(HttpContext httpContext, ISwaggerProvider swaggerProvider)
   at Serilog.AspNetCore.RequestLoggingMiddleware.Invoke(HttpContext httpContext)
   at Microsoft.AspNetCore.Diagnostics.DeveloperExceptionPageMiddlewareImpl.Invoke(HttpContext context)
