2026-07-01 23:00:49.254 +03:00 [INF] ShelfsService Microsoft.EntityFrameworkCore.Database.Command Executed DbCommand (25ms) [Parameters=[], CommandType='"Text"', CommandTimeout='30']
CREATE SCHEMA IF NOT EXISTS shelf_service;
2026-07-01 23:00:49.306 +03:00 [INF] ShelfsService Microsoft.EntityFrameworkCore.Database.Command Executed DbCommand (4ms) [Parameters=[], CommandType='"Text"', CommandTimeout='30']
SELECT "MigrationId", "ProductVersion"
FROM shelf_service."__EFMigrationsHistory"
ORDER BY "MigrationId";
2026-07-01 23:00:49.565 +03:00 [INF] ShelfsService Microsoft.EntityFrameworkCore.Database.Command Executed DbCommand (9ms) [Parameters=[], CommandType='"Text"', CommandTimeout='30']
DO $EF$
BEGIN
    IF NOT EXISTS(SELECT 1 FROM pg_namespace WHERE nspname = 'shelf_service') THEN
        CREATE SCHEMA shelf_service;
    END IF;
END $EF$;
CREATE TABLE IF NOT EXISTS shelf_service."__EFMigrationsHistory" (
    "MigrationId" character varying(150) NOT NULL,
    "ProductVersion" character varying(32) NOT NULL,
    CONSTRAINT "PK___EFMigrationsHistory" PRIMARY KEY ("MigrationId")
);
2026-07-01 23:00:49.576 +03:00 [INF] ShelfsService Microsoft.EntityFrameworkCore.Migrations Acquiring an exclusive lock for migration application. See https://aka.ms/efcore-docs-migrations-lock for more information if this takes too long.
2026-07-01 23:00:49.579 +03:00 [INF] ShelfsService Microsoft.EntityFrameworkCore.Database.Command Executed DbCommand (2ms) [Parameters=[], CommandType='"Text"', CommandTimeout='30']
LOCK TABLE shelf_service."__EFMigrationsHistory" IN ACCESS EXCLUSIVE MODE
2026-07-01 23:00:49.580 +03:00 [INF] ShelfsService Microsoft.EntityFrameworkCore.Database.Command Executed DbCommand (1ms) [Parameters=[], CommandType='"Text"', CommandTimeout='30']
SELECT "MigrationId", "ProductVersion"
FROM shelf_service."__EFMigrationsHistory"
ORDER BY "MigrationId";
2026-07-01 23:00:49.584 +03:00 [INF] ShelfsService Microsoft.EntityFrameworkCore.Migrations No migrations were applied. The database is already up to date.
2026-07-01 23:00:50.459 +03:00 [INF] ShelfsService Microsoft.EntityFrameworkCore.Database.Command Executed DbCommand (12ms) [Parameters=[], CommandType='"Text"', CommandTimeout='30']
SELECT a."Id", a."AttributeKey", a."Name"
FROM shelf_service."Attributes" AS a
2026-07-01 23:00:50.531 +03:00 [INF] ShelfsService Microsoft.EntityFrameworkCore.Database.Command Executed DbCommand (3ms) [Parameters=[], CommandType='"Text"', CommandTimeout='30']
SELECT a."Id", a."AttributeId", a."AttributeKey", a."AttributeValue"
FROM shelf_service."AttributesValues" AS a
2026-07-01 23:00:50.603 +03:00 [FTL] ShelfsService  ShelfsService terminated unexpectedly
System.InvalidOperationException: Unable to resolve service for type 'Clothing.ClothingAnalyzer+ClothingAnalyzerClient' while attempting to activate 'ImageService.src.ImageService.Host.Features.Recognizer.RecognizeClothesRequestHandler'.
   at Microsoft.Extensions.DependencyInjection.ActivatorUtilities.ThrowHelperUnableToResolveService(Type type, Type requiredBy)
   at lambda_method90(Closure, IServiceProvider, Object[])
   at FastEndpoints.ServiceResolver.CreateInstance(Type type, IServiceProvider serviceProvider)
   at FastEndpoints.EndpointFactory.Create(EndpointDefinition definition, HttpContext ctx)
   at FastEndpoints.MainExtensions.MapFastEndpoints(IEndpointRouteBuilder app, Action`1 configAction)
   at FastEndpoints.MainExtensions.UseFastEndpoints(IApplicationBuilder app, Action`1 configAction)
   at ShelfsService.Extentions.WebApplicationExtensions.UseShelfsInfrastucture(WebApplication app) in D:\visualStudio\Projects\OnlineShelf\backend\Microservices\ShelfsService\Extentions\WebApplicationExtensions.cs:line 34
   at Program.<Main>$(String[] args) in D:\visualStudio\Projects\OnlineShelf\backend\Microservices\ShelfsService\Program.cs:line 61
2026-07-01 23:02:11.597 +03:00 [INF] ShelfsService Microsoft.EntityFrameworkCore.Database.Command Executed DbCommand (41ms) [Parameters=[], CommandType='"Text"', CommandTimeout='30']
CREATE SCHEMA IF NOT EXISTS shelf_service;
2026-07-01 23:02:11.688 +03:00 [INF] ShelfsService Microsoft.EntityFrameworkCore.Database.Command Executed DbCommand (8ms) [Parameters=[], CommandType='"Text"', CommandTimeout='30']
SELECT "MigrationId", "ProductVersion"
FROM shelf_service."__EFMigrationsHistory"
ORDER BY "MigrationId";
2026-07-01 23:02:12.069 +03:00 [INF] ShelfsService Microsoft.EntityFrameworkCore.Database.Command Executed DbCommand (9ms) [Parameters=[], CommandType='"Text"', CommandTimeout='30']
DO $EF$
BEGIN
    IF NOT EXISTS(SELECT 1 FROM pg_namespace WHERE nspname = 'shelf_service') THEN
        CREATE SCHEMA shelf_service;
    END IF;
END $EF$;
CREATE TABLE IF NOT EXISTS shelf_service."__EFMigrationsHistory" (
    "MigrationId" character varying(150) NOT NULL,
    "ProductVersion" character varying(32) NOT NULL,
    CONSTRAINT "PK___EFMigrationsHistory" PRIMARY KEY ("MigrationId")
);
2026-07-01 23:02:12.084 +03:00 [INF] ShelfsService Microsoft.EntityFrameworkCore.Migrations Acquiring an exclusive lock for migration application. See https://aka.ms/efcore-docs-migrations-lock for more information if this takes too long.
2026-07-01 23:02:12.087 +03:00 [INF] ShelfsService Microsoft.EntityFrameworkCore.Database.Command Executed DbCommand (2ms) [Parameters=[], CommandType='"Text"', CommandTimeout='30']
LOCK TABLE shelf_service."__EFMigrationsHistory" IN ACCESS EXCLUSIVE MODE
2026-07-01 23:02:12.089 +03:00 [INF] ShelfsService Microsoft.EntityFrameworkCore.Database.Command Executed DbCommand (2ms) [Parameters=[], CommandType='"Text"', CommandTimeout='30']
SELECT "MigrationId", "ProductVersion"
FROM shelf_service."__EFMigrationsHistory"
ORDER BY "MigrationId";
2026-07-01 23:02:12.095 +03:00 [INF] ShelfsService Microsoft.EntityFrameworkCore.Migrations No migrations were applied. The database is already up to date.
2026-07-01 23:02:12.755 +03:00 [INF] ShelfsService Microsoft.EntityFrameworkCore.Database.Command Executed DbCommand (16ms) [Parameters=[], CommandType='"Text"', CommandTimeout='30']
SELECT a."Id", a."AttributeKey", a."Name"
FROM shelf_service."Attributes" AS a
2026-07-01 23:02:12.850 +03:00 [INF] ShelfsService Microsoft.EntityFrameworkCore.Database.Command Executed DbCommand (3ms) [Parameters=[], CommandType='"Text"', CommandTimeout='30']
SELECT a."Id", a."AttributeId", a."AttributeKey", a."AttributeValue"
FROM shelf_service."AttributesValues" AS a
2026-07-01 23:02:12.909 +03:00 [FTL] ShelfsService  ShelfsService terminated unexpectedly
System.InvalidOperationException: Unable to resolve service for type 'Clothing.ClothingAnalyzer+ClothingAnalyzerClient' while attempting to activate 'ImageService.src.ImageService.Host.Features.Recognizer.RecognizeClothesRequestHandler'.
   at Microsoft.Extensions.DependencyInjection.ActivatorUtilities.ThrowHelperUnableToResolveService(Type type, Type requiredBy)
   at lambda_method90(Closure, IServiceProvider, Object[])
   at FastEndpoints.ServiceResolver.CreateInstance(Type type, IServiceProvider serviceProvider)
   at FastEndpoints.EndpointFactory.Create(EndpointDefinition definition, HttpContext ctx)
   at FastEndpoints.MainExtensions.MapFastEndpoints(IEndpointRouteBuilder app, Action`1 configAction)
   at FastEndpoints.MainExtensions.UseFastEndpoints(IApplicationBuilder app, Action`1 configAction)
   at ShelfsService.Extentions.WebApplicationExtensions.UseShelfsInfrastucture(WebApplication app) in D:\visualStudio\Projects\OnlineShelf\backend\Microservices\ShelfsService\Extentions\WebApplicationExtensions.cs:line 34
   at Program.<Main>$(String[] args) in D:\visualStudio\Projects\OnlineShelf\backend\Microservices\ShelfsService\Program.cs:line 61
2026-07-01 23:07:21.016 +03:00 [INF] ShelfsService Microsoft.EntityFrameworkCore.Database.Command Executed DbCommand (40ms) [Parameters=[], CommandType='"Text"', CommandTimeout='30']
CREATE SCHEMA IF NOT EXISTS shelf_service;
2026-07-01 23:07:21.082 +03:00 [INF] ShelfsService Microsoft.EntityFrameworkCore.Database.Command Executed DbCommand (6ms) [Parameters=[], CommandType='"Text"', CommandTimeout='30']
SELECT "MigrationId", "ProductVersion"
FROM shelf_service."__EFMigrationsHistory"
ORDER BY "MigrationId";
2026-07-01 23:07:21.406 +03:00 [INF] ShelfsService Microsoft.EntityFrameworkCore.Database.Command Executed DbCommand (8ms) [Parameters=[], CommandType='"Text"', CommandTimeout='30']
DO $EF$
BEGIN
    IF NOT EXISTS(SELECT 1 FROM pg_namespace WHERE nspname = 'shelf_service') THEN
        CREATE SCHEMA shelf_service;
    END IF;
END $EF$;
CREATE TABLE IF NOT EXISTS shelf_service."__EFMigrationsHistory" (
    "MigrationId" character varying(150) NOT NULL,
    "ProductVersion" character varying(32) NOT NULL,
    CONSTRAINT "PK___EFMigrationsHistory" PRIMARY KEY ("MigrationId")
);
2026-07-01 23:07:21.418 +03:00 [INF] ShelfsService Microsoft.EntityFrameworkCore.Migrations Acquiring an exclusive lock for migration application. See https://aka.ms/efcore-docs-migrations-lock for more information if this takes too long.
2026-07-01 23:07:21.420 +03:00 [INF] ShelfsService Microsoft.EntityFrameworkCore.Database.Command Executed DbCommand (1ms) [Parameters=[], CommandType='"Text"', CommandTimeout='30']
LOCK TABLE shelf_service."__EFMigrationsHistory" IN ACCESS EXCLUSIVE MODE
2026-07-01 23:07:21.422 +03:00 [INF] ShelfsService Microsoft.EntityFrameworkCore.Database.Command Executed DbCommand (1ms) [Parameters=[], CommandType='"Text"', CommandTimeout='30']
SELECT "MigrationId", "ProductVersion"
FROM shelf_service."__EFMigrationsHistory"
ORDER BY "MigrationId";
2026-07-01 23:07:21.426 +03:00 [INF] ShelfsService Microsoft.EntityFrameworkCore.Migrations No migrations were applied. The database is already up to date.
2026-07-01 23:07:22.029 +03:00 [INF] ShelfsService Microsoft.EntityFrameworkCore.Database.Command Executed DbCommand (13ms) [Parameters=[], CommandType='"Text"', CommandTimeout='30']
SELECT a."Id", a."AttributeKey", a."Name"
FROM shelf_service."Attributes" AS a
2026-07-01 23:07:22.123 +03:00 [INF] ShelfsService Microsoft.EntityFrameworkCore.Database.Command Executed DbCommand (2ms) [Parameters=[], CommandType='"Text"', CommandTimeout='30']
SELECT a."Id", a."AttributeId", a."AttributeKey", a."AttributeValue"
FROM shelf_service."AttributesValues" AS a
2026-07-01 23:08:35.281 +03:00 [INF] ShelfsService Microsoft.EntityFrameworkCore.Database.Command Executed DbCommand (21ms) [Parameters=[], CommandType='"Text"', CommandTimeout='30']
CREATE SCHEMA IF NOT EXISTS shelf_service;
2026-07-01 23:08:35.326 +03:00 [INF] ShelfsService Microsoft.EntityFrameworkCore.Database.Command Executed DbCommand (4ms) [Parameters=[], CommandType='"Text"', CommandTimeout='30']
SELECT "MigrationId", "ProductVersion"
FROM shelf_service."__EFMigrationsHistory"
ORDER BY "MigrationId";
2026-07-01 23:08:35.550 +03:00 [INF] ShelfsService Microsoft.EntityFrameworkCore.Database.Command Executed DbCommand (7ms) [Parameters=[], CommandType='"Text"', CommandTimeout='30']
DO $EF$
BEGIN
    IF NOT EXISTS(SELECT 1 FROM pg_namespace WHERE nspname = 'shelf_service') THEN
        CREATE SCHEMA shelf_service;
    END IF;
END $EF$;
CREATE TABLE IF NOT EXISTS shelf_service."__EFMigrationsHistory" (
    "MigrationId" character varying(150) NOT NULL,
    "ProductVersion" character varying(32) NOT NULL,
    CONSTRAINT "PK___EFMigrationsHistory" PRIMARY KEY ("MigrationId")
);
2026-07-01 23:08:35.563 +03:00 [INF] ShelfsService Microsoft.EntityFrameworkCore.Migrations Acquiring an exclusive lock for migration application. See https://aka.ms/efcore-docs-migrations-lock for more information if this takes too long.
2026-07-01 23:08:35.565 +03:00 [INF] ShelfsService Microsoft.EntityFrameworkCore.Database.Command Executed DbCommand (1ms) [Parameters=[], CommandType='"Text"', CommandTimeout='30']
LOCK TABLE shelf_service."__EFMigrationsHistory" IN ACCESS EXCLUSIVE MODE
2026-07-01 23:08:35.567 +03:00 [INF] ShelfsService Microsoft.EntityFrameworkCore.Database.Command Executed DbCommand (1ms) [Parameters=[], CommandType='"Text"', CommandTimeout='30']
SELECT "MigrationId", "ProductVersion"
FROM shelf_service."__EFMigrationsHistory"
ORDER BY "MigrationId";
2026-07-01 23:08:35.572 +03:00 [INF] ShelfsService Microsoft.EntityFrameworkCore.Migrations No migrations were applied. The database is already up to date.
2026-07-01 23:08:36.031 +03:00 [INF] ShelfsService Microsoft.EntityFrameworkCore.Database.Command Executed DbCommand (13ms) [Parameters=[], CommandType='"Text"', CommandTimeout='30']
SELECT a."Id", a."AttributeKey", a."Name"
FROM shelf_service."Attributes" AS a
2026-07-01 23:08:36.110 +03:00 [INF] ShelfsService Microsoft.EntityFrameworkCore.Database.Command Executed DbCommand (3ms) [Parameters=[], CommandType='"Text"', CommandTimeout='30']
SELECT a."Id", a."AttributeId", a."AttributeKey", a."AttributeValue"
FROM shelf_service."AttributesValues" AS a
2026-07-01 23:09:45.638 +03:00 [INF] ShelfsService Microsoft.EntityFrameworkCore.Database.Command Executed DbCommand (29ms) [Parameters=[], CommandType='"Text"', CommandTimeout='30']
CREATE SCHEMA IF NOT EXISTS shelf_service;
2026-07-01 23:09:45.710 +03:00 [INF] ShelfsService Microsoft.EntityFrameworkCore.Database.Command Executed DbCommand (5ms) [Parameters=[], CommandType='"Text"', CommandTimeout='30']
SELECT "MigrationId", "ProductVersion"
FROM shelf_service."__EFMigrationsHistory"
ORDER BY "MigrationId";
2026-07-01 23:09:45.966 +03:00 [INF] ShelfsService Microsoft.EntityFrameworkCore.Database.Command Executed DbCommand (6ms) [Parameters=[], CommandType='"Text"', CommandTimeout='30']
DO $EF$
BEGIN
    IF NOT EXISTS(SELECT 1 FROM pg_namespace WHERE nspname = 'shelf_service') THEN
        CREATE SCHEMA shelf_service;
    END IF;
END $EF$;
CREATE TABLE IF NOT EXISTS shelf_service."__EFMigrationsHistory" (
    "MigrationId" character varying(150) NOT NULL,
    "ProductVersion" character varying(32) NOT NULL,
    CONSTRAINT "PK___EFMigrationsHistory" PRIMARY KEY ("MigrationId")
);
2026-07-01 23:09:45.976 +03:00 [INF] ShelfsService Microsoft.EntityFrameworkCore.Migrations Acquiring an exclusive lock for migration application. See https://aka.ms/efcore-docs-migrations-lock for more information if this takes too long.
2026-07-01 23:09:45.978 +03:00 [INF] ShelfsService Microsoft.EntityFrameworkCore.Database.Command Executed DbCommand (1ms) [Parameters=[], CommandType='"Text"', CommandTimeout='30']
LOCK TABLE shelf_service."__EFMigrationsHistory" IN ACCESS EXCLUSIVE MODE
2026-07-01 23:09:45.979 +03:00 [INF] ShelfsService Microsoft.EntityFrameworkCore.Database.Command Executed DbCommand (1ms) [Parameters=[], CommandType='"Text"', CommandTimeout='30']
SELECT "MigrationId", "ProductVersion"
FROM shelf_service."__EFMigrationsHistory"
ORDER BY "MigrationId";
2026-07-01 23:09:45.984 +03:00 [INF] ShelfsService Microsoft.EntityFrameworkCore.Migrations No migrations were applied. The database is already up to date.
2026-07-01 23:09:46.459 +03:00 [INF] ShelfsService Microsoft.EntityFrameworkCore.Database.Command Executed DbCommand (11ms) [Parameters=[], CommandType='"Text"', CommandTimeout='30']
SELECT a."Id", a."AttributeKey", a."Name"
FROM shelf_service."Attributes" AS a
2026-07-01 23:09:46.524 +03:00 [INF] ShelfsService Microsoft.EntityFrameworkCore.Database.Command Executed DbCommand (3ms) [Parameters=[], CommandType='"Text"', CommandTimeout='30']
SELECT a."Id", a."AttributeId", a."AttributeKey", a."AttributeValue"
FROM shelf_service."AttributesValues" AS a
2026-07-01 23:09:46.549 +03:00 [INF] ShelfsService FastEndpoints.StartupTimer Registered 11 endpoints in 2 365 milliseconds.
2026-07-01 23:09:46.623 +03:00 [INF] ShelfsService Microsoft.EntityFrameworkCore.Database.Command Executed DbCommand (5ms) [Parameters=[], CommandType='"Text"', CommandTimeout='30']
CREATE SCHEMA IF NOT EXISTS shelf_service;
2026-07-01 23:09:46.634 +03:00 [INF] ShelfsService Microsoft.EntityFrameworkCore.Database.Command Executed DbCommand (2ms) [Parameters=[], CommandType='"Text"', CommandTimeout='30']
SELECT "MigrationId", "ProductVersion"
FROM shelf_service."__EFMigrationsHistory"
ORDER BY "MigrationId";
2026-07-01 23:09:46.695 +03:00 [INF] ShelfsService Microsoft.EntityFrameworkCore.Database.Command Executed DbCommand (2ms) [Parameters=[], CommandType='"Text"', CommandTimeout='30']
DO $EF$
BEGIN
    IF NOT EXISTS(SELECT 1 FROM pg_namespace WHERE nspname = 'shelf_service') THEN
        CREATE SCHEMA shelf_service;
    END IF;
END $EF$;
CREATE TABLE IF NOT EXISTS shelf_service."__EFMigrationsHistory" (
    "MigrationId" character varying(150) NOT NULL,
    "ProductVersion" character varying(32) NOT NULL,
    CONSTRAINT "PK___EFMigrationsHistory" PRIMARY KEY ("MigrationId")
);
2026-07-01 23:09:46.716 +03:00 [INF] ShelfsService Microsoft.EntityFrameworkCore.Database.Command Executed DbCommand (2ms) [Parameters=[], CommandType='"Text"', CommandTimeout='30']
LOCK TABLE shelf_service."__EFMigrationsHistory" IN ACCESS EXCLUSIVE MODE
2026-07-01 23:09:46.722 +03:00 [INF] ShelfsService Microsoft.EntityFrameworkCore.Database.Command Executed DbCommand (2ms) [Parameters=[], CommandType='"Text"', CommandTimeout='30']
SELECT "MigrationId", "ProductVersion"
FROM shelf_service."__EFMigrationsHistory"
ORDER BY "MigrationId";
2026-07-01 23:09:46.722 +03:00 [INF] ShelfsService Microsoft.EntityFrameworkCore.Migrations No migrations were applied. The database is already up to date.
2026-07-01 23:09:46.738 +03:00 [INF] ShelfsService Microsoft.EntityFrameworkCore.Database.Command Executed DbCommand (2ms) [Parameters=[], CommandType='"Text"', CommandTimeout='30']
SELECT "MigrationId", "ProductVersion"
FROM shelf_service."__EFMigrationsHistory"
ORDER BY "MigrationId";
2026-07-01 23:09:46.761 +03:00 [INF] ShelfsService Microsoft.EntityFrameworkCore.Database.Command Executed DbCommand (2ms) [Parameters=[], CommandType='"Text"', CommandTimeout='30']
DO $EF$
BEGIN
    IF NOT EXISTS(SELECT 1 FROM pg_namespace WHERE nspname = 'shelf_service') THEN
        CREATE SCHEMA shelf_service;
    END IF;
END $EF$;
CREATE TABLE IF NOT EXISTS shelf_service."__EFMigrationsHistory" (
    "MigrationId" character varying(150) NOT NULL,
    "ProductVersion" character varying(32) NOT NULL,
    CONSTRAINT "PK___EFMigrationsHistory" PRIMARY KEY ("MigrationId")
);
2026-07-01 23:09:46.764 +03:00 [INF] ShelfsService Microsoft.EntityFrameworkCore.Database.Command Executed DbCommand (2ms) [Parameters=[], CommandType='"Text"', CommandTimeout='30']
LOCK TABLE shelf_service."__EFMigrationsHistory" IN ACCESS EXCLUSIVE MODE
2026-07-01 23:09:46.766 +03:00 [INF] ShelfsService Microsoft.EntityFrameworkCore.Database.Command Executed DbCommand (1ms) [Parameters=[], CommandType='"Text"', CommandTimeout='30']
SELECT "MigrationId", "ProductVersion"
FROM shelf_service."__EFMigrationsHistory"
ORDER BY "MigrationId";
2026-07-01 23:09:46.766 +03:00 [INF] ShelfsService Microsoft.EntityFrameworkCore.Migrations No migrations were applied. The database is already up to date.
2026-07-01 23:09:46.834 +03:00 [INF] ShelfsService Microsoft.EntityFrameworkCore.Database.Command Executed DbCommand (2ms) [Parameters=[], CommandType='"Text"', CommandTimeout='30']
SELECT EXISTS (
    SELECT 1
    FROM shelf_service."Shelfs" AS s)
2026-07-01 23:09:46.845 +03:00 [INF] ShelfsService Microsoft.EntityFrameworkCore.Database.Command Executed DbCommand (2ms) [Parameters=[], CommandType='"Text"', CommandTimeout='30']
SELECT EXISTS (
    SELECT 1
    FROM shelf_service."Items" AS i)
2026-07-01 23:09:46.853 +03:00 [INF] ShelfsService Microsoft.EntityFrameworkCore.Database.Command Executed DbCommand (2ms) [Parameters=[], CommandType='"Text"', CommandTimeout='30']
SELECT EXISTS (
    SELECT 1
    FROM shelf_service."AttributesValues" AS a)
2026-07-01 23:09:46.860 +03:00 [INF] ShelfsService Microsoft.EntityFrameworkCore.Database.Command Executed DbCommand (2ms) [Parameters=[], CommandType='"Text"', CommandTimeout='30']
SELECT EXISTS (
    SELECT 1
    FROM shelf_service."Attributes" AS a)
2026-07-01 23:09:47.359 +03:00 [INF] ShelfsService Microsoft.Hosting.Lifetime Application started. Press Ctrl+C to shut down.
2026-07-01 23:09:47.359 +03:00 [INF] ShelfsService Microsoft.Hosting.Lifetime Hosting environment: Development
2026-07-01 23:09:47.359 +03:00 [INF] ShelfsService Microsoft.Hosting.Lifetime Content root path: D:\visualStudio\Projects\OnlineShelf\backend\Microservices\ShelfsService
2026-07-01 23:09:48.685 +03:00 [INF] ShelfsService Serilog.AspNetCore.RequestLoggingMiddleware HTTP GET /swagger/index.html responded 200 in 89.2392 ms
2026-07-01 23:09:48.722 +03:00 [INF] ShelfsService Serilog.AspNetCore.RequestLoggingMiddleware HTTP GET /swagger/swagger-ui.css responded 200 in 25.8034 ms
2026-07-01 23:09:48.722 +03:00 [INF] ShelfsService Serilog.AspNetCore.RequestLoggingMiddleware HTTP GET /swagger/swagger-ui-standalone-preset.js responded 200 in 24.9453 ms
2026-07-01 23:09:48.743 +03:00 [INF] ShelfsService Serilog.AspNetCore.RequestLoggingMiddleware HTTP GET /swagger/swagger-ui-bundle.js responded 200 in 44.9482 ms
2026-07-01 23:09:49.084 +03:00 [INF] ShelfsService Serilog.AspNetCore.RequestLoggingMiddleware HTTP GET /swagger/v1/swagger.json responded 200 in 14.8811 ms
2026-07-01 23:09:49.103 +03:00 [INF] ShelfsService Serilog.AspNetCore.RequestLoggingMiddleware HTTP GET /swagger/favicon-32x32.png responded 200 in 0.9133 ms
2026-07-01 23:10:05.281 +03:00 [INF] ShelfsService Microsoft.EntityFrameworkCore.Database.Command Executed DbCommand (3ms) [Parameters=[], CommandType='"Text"', CommandTimeout='30']
SELECT s."Id", s."DateCreated", s."Name", s."UpdatedAt", s."UserId", s."positionKey", i."Id", i."AttributeColorMain", i."AttributeColorSecond", i."AttributeMatterial", i."AttributePattern", i."AttributeSeason", i."AttributeType", i."BigImage", i."DateCreated", i."Name", i."ShelfId", i."SmallImage", i."UpdatedAt", i."UserId", i."isFavorite", i."positionKey"
FROM shelf_service."Shelfs" AS s
LEFT JOIN shelf_service."Items" AS i ON s."Id" = i."ShelfId"
ORDER BY s."Id"
2026-07-01 23:10:05.390 +03:00 [INF] ShelfsService Serilog.AspNetCore.RequestLoggingMiddleware HTTP GET /shelfs responded 200 in 2419.3230 ms
2026-07-01 23:14:12.834 +03:00 [INF] ShelfsService Microsoft.EntityFrameworkCore.Database.Command Executed DbCommand (23ms) [Parameters=[], CommandType='"Text"', CommandTimeout='30']
CREATE SCHEMA IF NOT EXISTS shelf_service;
2026-07-01 23:14:12.885 +03:00 [INF] ShelfsService Microsoft.EntityFrameworkCore.Database.Command Executed DbCommand (6ms) [Parameters=[], CommandType='"Text"', CommandTimeout='30']
SELECT "MigrationId", "ProductVersion"
FROM shelf_service."__EFMigrationsHistory"
ORDER BY "MigrationId";
2026-07-01 23:14:13.128 +03:00 [INF] ShelfsService Microsoft.EntityFrameworkCore.Database.Command Executed DbCommand (7ms) [Parameters=[], CommandType='"Text"', CommandTimeout='30']
DO $EF$
BEGIN
    IF NOT EXISTS(SELECT 1 FROM pg_namespace WHERE nspname = 'shelf_service') THEN
        CREATE SCHEMA shelf_service;
    END IF;
END $EF$;
CREATE TABLE IF NOT EXISTS shelf_service."__EFMigrationsHistory" (
    "MigrationId" character varying(150) NOT NULL,
    "ProductVersion" character varying(32) NOT NULL,
    CONSTRAINT "PK___EFMigrationsHistory" PRIMARY KEY ("MigrationId")
);
2026-07-01 23:14:13.139 +03:00 [INF] ShelfsService Microsoft.EntityFrameworkCore.Migrations Acquiring an exclusive lock for migration application. See https://aka.ms/efcore-docs-migrations-lock for more information if this takes too long.
2026-07-01 23:14:13.141 +03:00 [INF] ShelfsService Microsoft.EntityFrameworkCore.Database.Command Executed DbCommand (2ms) [Parameters=[], CommandType='"Text"', CommandTimeout='30']
LOCK TABLE shelf_service."__EFMigrationsHistory" IN ACCESS EXCLUSIVE MODE
2026-07-01 23:14:13.142 +03:00 [INF] ShelfsService Microsoft.EntityFrameworkCore.Database.Command Executed DbCommand (1ms) [Parameters=[], CommandType='"Text"', CommandTimeout='30']
SELECT "MigrationId", "ProductVersion"
FROM shelf_service."__EFMigrationsHistory"
ORDER BY "MigrationId";
2026-07-01 23:14:13.147 +03:00 [INF] ShelfsService Microsoft.EntityFrameworkCore.Migrations No migrations were applied. The database is already up to date.
2026-07-01 23:14:13.586 +03:00 [INF] ShelfsService Microsoft.EntityFrameworkCore.Database.Command Executed DbCommand (12ms) [Parameters=[], CommandType='"Text"', CommandTimeout='30']
SELECT a."Id", a."AttributeKey", a."Name"
FROM shelf_service."Attributes" AS a
2026-07-01 23:14:13.654 +03:00 [INF] ShelfsService Microsoft.EntityFrameworkCore.Database.Command Executed DbCommand (3ms) [Parameters=[], CommandType='"Text"', CommandTimeout='30']
SELECT a."Id", a."AttributeId", a."AttributeKey", a."AttributeValue"
FROM shelf_service."AttributesValues" AS a
2026-07-01 23:14:13.681 +03:00 [INF] ShelfsService FastEndpoints.StartupTimer Registered 11 endpoints in 2 201 milliseconds.
2026-07-01 23:14:13.746 +03:00 [INF] ShelfsService Microsoft.EntityFrameworkCore.Database.Command Executed DbCommand (5ms) [Parameters=[], CommandType='"Text"', CommandTimeout='30']
CREATE SCHEMA IF NOT EXISTS shelf_service;
2026-07-01 23:14:13.758 +03:00 [INF] ShelfsService Microsoft.EntityFrameworkCore.Database.Command Executed DbCommand (2ms) [Parameters=[], CommandType='"Text"', CommandTimeout='30']
SELECT "MigrationId", "ProductVersion"
FROM shelf_service."__EFMigrationsHistory"
ORDER BY "MigrationId";
2026-07-01 23:14:13.817 +03:00 [INF] ShelfsService Microsoft.EntityFrameworkCore.Database.Command Executed DbCommand (2ms) [Parameters=[], CommandType='"Text"', CommandTimeout='30']
DO $EF$
BEGIN
    IF NOT EXISTS(SELECT 1 FROM pg_namespace WHERE nspname = 'shelf_service') THEN
        CREATE SCHEMA shelf_service;
    END IF;
END $EF$;
CREATE TABLE IF NOT EXISTS shelf_service."__EFMigrationsHistory" (
    "MigrationId" character varying(150) NOT NULL,
    "ProductVersion" character varying(32) NOT NULL,
    CONSTRAINT "PK___EFMigrationsHistory" PRIMARY KEY ("MigrationId")
);
2026-07-01 23:14:13.829 +03:00 [INF] ShelfsService Microsoft.EntityFrameworkCore.Database.Command Executed DbCommand (2ms) [Parameters=[], CommandType='"Text"', CommandTimeout='30']
LOCK TABLE shelf_service."__EFMigrationsHistory" IN ACCESS EXCLUSIVE MODE
2026-07-01 23:14:13.836 +03:00 [INF] ShelfsService Microsoft.EntityFrameworkCore.Database.Command Executed DbCommand (3ms) [Parameters=[], CommandType='"Text"', CommandTimeout='30']
SELECT "MigrationId", "ProductVersion"
FROM shelf_service."__EFMigrationsHistory"
ORDER BY "MigrationId";
2026-07-01 23:14:13.836 +03:00 [INF] ShelfsService Microsoft.EntityFrameworkCore.Migrations No migrations were applied. The database is already up to date.
2026-07-01 23:14:13.854 +03:00 [INF] ShelfsService Microsoft.EntityFrameworkCore.Database.Command Executed DbCommand (2ms) [Parameters=[], CommandType='"Text"', CommandTimeout='30']
SELECT "MigrationId", "ProductVersion"
FROM shelf_service."__EFMigrationsHistory"
ORDER BY "MigrationId";
2026-07-01 23:14:13.880 +03:00 [INF] ShelfsService Microsoft.EntityFrameworkCore.Database.Command Executed DbCommand (2ms) [Parameters=[], CommandType='"Text"', CommandTimeout='30']
DO $EF$
BEGIN
    IF NOT EXISTS(SELECT 1 FROM pg_namespace WHERE nspname = 'shelf_service') THEN
        CREATE SCHEMA shelf_service;
    END IF;
END $EF$;
CREATE TABLE IF NOT EXISTS shelf_service."__EFMigrationsHistory" (
    "MigrationId" character varying(150) NOT NULL,
    "ProductVersion" character varying(32) NOT NULL,
    CONSTRAINT "PK___EFMigrationsHistory" PRIMARY KEY ("MigrationId")
);
2026-07-01 23:14:13.883 +03:00 [INF] ShelfsService Microsoft.EntityFrameworkCore.Database.Command Executed DbCommand (2ms) [Parameters=[], CommandType='"Text"', CommandTimeout='30']
LOCK TABLE shelf_service."__EFMigrationsHistory" IN ACCESS EXCLUSIVE MODE
2026-07-01 23:14:13.885 +03:00 [INF] ShelfsService Microsoft.EntityFrameworkCore.Database.Command Executed DbCommand (1ms) [Parameters=[], CommandType='"Text"', CommandTimeout='30']
SELECT "MigrationId", "ProductVersion"
FROM shelf_service."__EFMigrationsHistory"
ORDER BY "MigrationId";
2026-07-01 23:14:13.886 +03:00 [INF] ShelfsService Microsoft.EntityFrameworkCore.Migrations No migrations were applied. The database is already up to date.
2026-07-01 23:14:13.946 +03:00 [INF] ShelfsService Microsoft.EntityFrameworkCore.Database.Command Executed DbCommand (2ms) [Parameters=[], CommandType='"Text"', CommandTimeout='30']
SELECT EXISTS (
    SELECT 1
    FROM shelf_service."Shelfs" AS s)
2026-07-01 23:14:13.958 +03:00 [INF] ShelfsService Microsoft.EntityFrameworkCore.Database.Command Executed DbCommand (2ms) [Parameters=[], CommandType='"Text"', CommandTimeout='30']
SELECT EXISTS (
    SELECT 1
    FROM shelf_service."Items" AS i)
2026-07-01 23:14:13.966 +03:00 [INF] ShelfsService Microsoft.EntityFrameworkCore.Database.Command Executed DbCommand (3ms) [Parameters=[], CommandType='"Text"', CommandTimeout='30']
SELECT EXISTS (
    SELECT 1
    FROM shelf_service."AttributesValues" AS a)
2026-07-01 23:14:13.972 +03:00 [INF] ShelfsService Microsoft.EntityFrameworkCore.Database.Command Executed DbCommand (2ms) [Parameters=[], CommandType='"Text"', CommandTimeout='30']
SELECT EXISTS (
    SELECT 1
    FROM shelf_service."Attributes" AS a)
2026-07-01 23:14:14.344 +03:00 [INF] ShelfsService Microsoft.Hosting.Lifetime Application started. Press Ctrl+C to shut down.
2026-07-01 23:14:14.345 +03:00 [INF] ShelfsService Microsoft.Hosting.Lifetime Hosting environment: Development
2026-07-01 23:14:14.345 +03:00 [INF] ShelfsService Microsoft.Hosting.Lifetime Content root path: D:\visualStudio\Projects\OnlineShelf\backend\Microservices\ShelfsService
2026-07-01 23:14:14.366 +03:00 [INF] ShelfsService Serilog.AspNetCore.RequestLoggingMiddleware HTTP GET /swagger/index.html responded 200 in 113.3614 ms
2026-07-01 23:14:14.805 +03:00 [INF] ShelfsService Serilog.AspNetCore.RequestLoggingMiddleware HTTP GET /swagger/v1/swagger.json responded 200 in 21.4602 ms
2026-07-01 23:15:05.070 +03:00 [INF] ShelfsService Serilog.AspNetCore.RequestLoggingMiddleware HTTP OPTIONS /shelfs/items/bbbbbbbb-bbbb-bbbb-bbbb-bbbbbbbbbbbb responded 204 in 6.5118 ms
2026-07-01 23:15:05.070 +03:00 [INF] ShelfsService Serilog.AspNetCore.RequestLoggingMiddleware HTTP OPTIONS /shelfs/items/attributes responded 204 in 6.5393 ms
2026-07-01 23:15:05.311 +03:00 [INF] ShelfsService Serilog.AspNetCore.RequestLoggingMiddleware HTTP GET /shelfs/items/attributes responded 200 in 234.7355 ms
2026-07-01 23:15:05.371 +03:00 [INF] ShelfsService Microsoft.EntityFrameworkCore.Database.Command Executed DbCommand (12ms) [Parameters=[@__itemId_0='?' (DbType = Guid)], CommandType='"Text"', CommandTimeout='30']
SELECT i."Id", i."AttributeColorMain", i."AttributeColorSecond", i."AttributeMatterial", i."AttributePattern", i."AttributeSeason", i."AttributeType", i."BigImage", i."DateCreated", i."Name", i."ShelfId", i."SmallImage", i."UpdatedAt", i."UserId", i."isFavorite", i."positionKey"
FROM shelf_service."Items" AS i
WHERE i."Id" = @__itemId_0
LIMIT 1
2026-07-01 23:15:05.415 +03:00 [INF] ShelfsService ShelfsService.src.ShelfsService.Host.Features.Items.GetItemById Item "bbbbbbbb-bbbb-bbbb-bbbb-bbbbbbbbbbbb" was returned
2026-07-01 23:15:05.439 +03:00 [INF] ShelfsService Serilog.AspNetCore.RequestLoggingMiddleware HTTP GET /shelfs/items/bbbbbbbb-bbbb-bbbb-bbbb-bbbbbbbbbbbb responded 200 in 361.8145 ms
2026-07-01 23:15:14.977 +03:00 [INF] ShelfsService Serilog.AspNetCore.RequestLoggingMiddleware HTTP OPTIONS /shelfs/items responded 204 in 0.1892 ms
2026-07-01 23:15:15.108 +03:00 [INF] ShelfsService Microsoft.EntityFrameworkCore.Database.Command Executed DbCommand (3ms) [Parameters=[@__itemId_0='?' (DbType = Guid)], CommandType='"Text"', CommandTimeout='30']
SELECT i."Id", i."AttributeColorMain", i."AttributeColorSecond", i."AttributeMatterial", i."AttributePattern", i."AttributeSeason", i."AttributeType", i."BigImage", i."DateCreated", i."Name", i."ShelfId", i."SmallImage", i."UpdatedAt", i."UserId", i."isFavorite", i."positionKey"
FROM shelf_service."Items" AS i
WHERE i."Id" = @__itemId_0
LIMIT 1
2026-07-01 23:15:15.275 +03:00 [INF] ShelfsService Grpc.Net.Client.Internal.GrpcCall Error sending message.
System.Net.Http.HttpProtocolException: The HTTP/2 server closed the connection. HTTP/2 error code 'HTTP_1_1_REQUIRED' (0xd). (HttpProtocolError)
   at System.Net.Http.Http2Connection.ThrowRequestAborted(Exception innerException)
   at System.Net.Http.Http2Connection.Http2Stream.SendDataAsync(ReadOnlyMemory`1 buffer, CancellationToken cancellationToken)
   at Grpc.Net.Client.Internal.StreamExtensions.WriteMessageAsync[TMessage](Stream stream, GrpcCall call, TMessage message, Action`2 serializer, CallOptions callOptions)
2026-07-01 23:15:15.319 +03:00 [INF] ShelfsService Grpc.Net.Client.Internal.GrpcCall Call failed with gRPC error status. Status code: '"Internal"', Message: 'Error starting gRPC call. HttpRequestException: The HTTP/2 server closed the connection. HTTP/2 error code 'HTTP_1_1_REQUIRED' (0xd). (HttpProtocolError) HttpProtocolException: The HTTP/2 server closed the connection. HTTP/2 error code 'HTTP_1_1_REQUIRED' (0xd). (HttpProtocolError)'.
System.Net.Http.HttpRequestException: The HTTP/2 server closed the connection. HTTP/2 error code 'HTTP_1_1_REQUIRED' (0xd). (HttpProtocolError)
 ---> System.Net.Http.HttpProtocolException: The HTTP/2 server closed the connection. HTTP/2 error code 'HTTP_1_1_REQUIRED' (0xd). (HttpProtocolError)
   at System.Net.Http.Http2Connection.ThrowRequestAborted(Exception innerException)
   at System.Net.Http.Http2Connection.Http2Stream.SendDataAsync(ReadOnlyMemory`1 buffer, CancellationToken cancellationToken)
   at Grpc.Net.Client.Internal.StreamExtensions.WriteMessageAsync[TMessage](Stream stream, GrpcCall call, TMessage message, Action`2 serializer, CallOptions callOptions)
   at Grpc.Net.Client.Internal.PushUnaryContent`2.WriteMessageCore(Task writeMessageTask)
   at System.Net.Http.Http2Connection.Http2Stream.SendRequestBodyAsync(CancellationToken cancellationToken)
   at System.Net.Http.Http2Connection.SendAsync(HttpRequestMessage request, Boolean async, CancellationToken cancellationToken)
   --- End of inner exception stack trace ---
   at System.Net.Http.Http2Connection.SendAsync(HttpRequestMessage request, Boolean async, CancellationToken cancellationToken)
   at System.Net.Http.HttpConnectionPool.SendWithVersionDetectionAndRetryAsync(HttpRequestMessage request, Boolean async, Boolean doRequestAuth, CancellationToken cancellationToken)
   at System.Net.Http.DiagnosticsHandler.SendAsyncCore(HttpRequestMessage request, Boolean async, CancellationToken cancellationToken)
   at System.Net.Http.RedirectHandler.SendAsync(HttpRequestMessage request, Boolean async, CancellationToken cancellationToken)
   at Microsoft.Extensions.Http.Logging.LoggingHttpMessageHandler.<SendCoreAsync>g__Core|5_0(HttpRequestMessage request, Boolean useAsync, CancellationToken cancellationToken)
   at Microsoft.Extensions.Http.Logging.LoggingScopeHttpMessageHandler.<SendCoreAsync>g__Core|5_0(HttpRequestMessage request, Boolean useAsync, CancellationToken cancellationToken)
   at Grpc.Net.Client.Balancer.Internal.BalancerHttpHandler.SendAsync(HttpRequestMessage request, CancellationToken cancellationToken)
   at System.Net.Http.HttpMessageInvoker.<SendAsync>g__SendAsyncWithTelemetry|6_0(HttpMessageHandler handler, HttpRequestMessage request, CancellationToken cancellationToken)
   at Grpc.Net.Client.Internal.GrpcCall`2.RunCall(HttpRequestMessage request, Nullable`1 timeout)
2026-07-01 23:15:15.392 +03:00 [ERR] ShelfsService Serilog.AspNetCore.RequestLoggingMiddleware HTTP PUT /shelfs/items responded 500 in 409.4770 ms
Grpc.Core.RpcException: Status(StatusCode="Internal", Detail="Error starting gRPC call. HttpRequestException: The HTTP/2 server closed the connection. HTTP/2 error code 'HTTP_1_1_REQUIRED' (0xd). (HttpProtocolError) HttpProtocolException: The HTTP/2 server closed the connection. HTTP/2 error code 'HTTP_1_1_REQUIRED' (0xd). (HttpProtocolError)", DebugException="System.Net.Http.HttpRequestException: The HTTP/2 server closed the connection. HTTP/2 error code 'HTTP_1_1_REQUIRED' (0xd). (HttpProtocolError)")
 ---> System.Net.Http.HttpRequestException: The HTTP/2 server closed the connection. HTTP/2 error code 'HTTP_1_1_REQUIRED' (0xd). (HttpProtocolError)
 ---> System.Net.Http.HttpProtocolException: The HTTP/2 server closed the connection. HTTP/2 error code 'HTTP_1_1_REQUIRED' (0xd). (HttpProtocolError)
   at System.Net.Http.Http2Connection.ThrowRequestAborted(Exception innerException)
   at System.Net.Http.Http2Connection.Http2Stream.SendDataAsync(ReadOnlyMemory`1 buffer, CancellationToken cancellationToken)
   at Grpc.Net.Client.Internal.StreamExtensions.WriteMessageAsync[TMessage](Stream stream, GrpcCall call, TMessage message, Action`2 serializer, CallOptions callOptions)
   at Grpc.Net.Client.Internal.PushUnaryContent`2.WriteMessageCore(Task writeMessageTask)
   at System.Net.Http.Http2Connection.Http2Stream.SendRequestBodyAsync(CancellationToken cancellationToken)
   at System.Net.Http.Http2Connection.SendAsync(HttpRequestMessage request, Boolean async, CancellationToken cancellationToken)
   --- End of inner exception stack trace ---
   at System.Net.Http.Http2Connection.SendAsync(HttpRequestMessage request, Boolean async, CancellationToken cancellationToken)
   at System.Net.Http.HttpConnectionPool.SendWithVersionDetectionAndRetryAsync(HttpRequestMessage request, Boolean async, Boolean doRequestAuth, CancellationToken cancellationToken)
   at System.Net.Http.DiagnosticsHandler.SendAsyncCore(HttpRequestMessage request, Boolean async, CancellationToken cancellationToken)
   at System.Net.Http.RedirectHandler.SendAsync(HttpRequestMessage request, Boolean async, CancellationToken cancellationToken)
   at Microsoft.Extensions.Http.Logging.LoggingHttpMessageHandler.<SendCoreAsync>g__Core|5_0(HttpRequestMessage request, Boolean useAsync, CancellationToken cancellationToken)
   at Microsoft.Extensions.Http.Logging.LoggingScopeHttpMessageHandler.<SendCoreAsync>g__Core|5_0(HttpRequestMessage request, Boolean useAsync, CancellationToken cancellationToken)
   at Grpc.Net.Client.Balancer.Internal.BalancerHttpHandler.SendAsync(HttpRequestMessage request, CancellationToken cancellationToken)
   at System.Net.Http.HttpMessageInvoker.<SendAsync>g__SendAsyncWithTelemetry|6_0(HttpMessageHandler handler, HttpRequestMessage request, CancellationToken cancellationToken)
   at Grpc.Net.Client.Internal.GrpcCall`2.RunCall(HttpRequestMessage request, Nullable`1 timeout)
   --- End of inner exception stack trace ---
   at Grpc.Net.Client.Internal.GrpcCall`2.GetResponseHeadersCoreAsync()
   at ShelfsService.src.ShelfsService.Host.Features.Items.UpdateItemCommandHandler.HandleAsync(UpdateItemCommand request, CancellationToken ct) in D:\visualStudio\Projects\OnlineShelf\backend\Microservices\ShelfsService\src\ShelfsService.Host\Features\Items\UpdateItem.cs:line 86
   at FastEndpoints.Endpoint`2.ExecAsync(CancellationToken ct)
   at FastEndpoints.Endpoint`2.ExecAsync(CancellationToken ct)
   at Microsoft.AspNetCore.Http.RequestDelegateFactory.ExecuteResultWriteResponse(IResult result, HttpContext httpContext)
   at Microsoft.AspNetCore.Authorization.AuthorizationMiddleware.Invoke(HttpContext context)
   at Microsoft.AspNetCore.Authentication.AuthenticationMiddleware.Invoke(HttpContext context)
   at Swashbuckle.AspNetCore.SwaggerUI.SwaggerUIMiddleware.Invoke(HttpContext httpContext)
   at Swashbuckle.AspNetCore.Swagger.SwaggerMiddleware.Invoke(HttpContext httpContext, ISwaggerProvider swaggerProvider)
   at Serilog.AspNetCore.RequestLoggingMiddleware.Invoke(HttpContext httpContext)
2026-07-01 23:15:15.405 +03:00 [ERR] ShelfsService Microsoft.AspNetCore.Diagnostics.DeveloperExceptionPageMiddleware An unhandled exception has occurred while executing the request.
Grpc.Core.RpcException: Status(StatusCode="Internal", Detail="Error starting gRPC call. HttpRequestException: The HTTP/2 server closed the connection. HTTP/2 error code 'HTTP_1_1_REQUIRED' (0xd). (HttpProtocolError) HttpProtocolException: The HTTP/2 server closed the connection. HTTP/2 error code 'HTTP_1_1_REQUIRED' (0xd). (HttpProtocolError)", DebugException="System.Net.Http.HttpRequestException: The HTTP/2 server closed the connection. HTTP/2 error code 'HTTP_1_1_REQUIRED' (0xd). (HttpProtocolError)")
 ---> System.Net.Http.HttpRequestException: The HTTP/2 server closed the connection. HTTP/2 error code 'HTTP_1_1_REQUIRED' (0xd). (HttpProtocolError)
 ---> System.Net.Http.HttpProtocolException: The HTTP/2 server closed the connection. HTTP/2 error code 'HTTP_1_1_REQUIRED' (0xd). (HttpProtocolError)
   at System.Net.Http.Http2Connection.ThrowRequestAborted(Exception innerException)
   at System.Net.Http.Http2Connection.Http2Stream.SendDataAsync(ReadOnlyMemory`1 buffer, CancellationToken cancellationToken)
   at Grpc.Net.Client.Internal.StreamExtensions.WriteMessageAsync[TMessage](Stream stream, GrpcCall call, TMessage message, Action`2 serializer, CallOptions callOptions)
   at Grpc.Net.Client.Internal.PushUnaryContent`2.WriteMessageCore(Task writeMessageTask)
   at System.Net.Http.Http2Connection.Http2Stream.SendRequestBodyAsync(CancellationToken cancellationToken)
   at System.Net.Http.Http2Connection.SendAsync(HttpRequestMessage request, Boolean async, CancellationToken cancellationToken)
   --- End of inner exception stack trace ---
   at System.Net.Http.Http2Connection.SendAsync(HttpRequestMessage request, Boolean async, CancellationToken cancellationToken)
   at System.Net.Http.HttpConnectionPool.SendWithVersionDetectionAndRetryAsync(HttpRequestMessage request, Boolean async, Boolean doRequestAuth, CancellationToken cancellationToken)
   at System.Net.Http.DiagnosticsHandler.SendAsyncCore(HttpRequestMessage request, Boolean async, CancellationToken cancellationToken)
   at System.Net.Http.RedirectHandler.SendAsync(HttpRequestMessage request, Boolean async, CancellationToken cancellationToken)
   at Microsoft.Extensions.Http.Logging.LoggingHttpMessageHandler.<SendCoreAsync>g__Core|5_0(HttpRequestMessage request, Boolean useAsync, CancellationToken cancellationToken)
   at Microsoft.Extensions.Http.Logging.LoggingScopeHttpMessageHandler.<SendCoreAsync>g__Core|5_0(HttpRequestMessage request, Boolean useAsync, CancellationToken cancellationToken)
   at Grpc.Net.Client.Balancer.Internal.BalancerHttpHandler.SendAsync(HttpRequestMessage request, CancellationToken cancellationToken)
   at System.Net.Http.HttpMessageInvoker.<SendAsync>g__SendAsyncWithTelemetry|6_0(HttpMessageHandler handler, HttpRequestMessage request, CancellationToken cancellationToken)
   at Grpc.Net.Client.Internal.GrpcCall`2.RunCall(HttpRequestMessage request, Nullable`1 timeout)
   --- End of inner exception stack trace ---
   at Grpc.Net.Client.Internal.GrpcCall`2.GetResponseHeadersCoreAsync()
   at ShelfsService.src.ShelfsService.Host.Features.Items.UpdateItemCommandHandler.HandleAsync(UpdateItemCommand request, CancellationToken ct) in D:\visualStudio\Projects\OnlineShelf\backend\Microservices\ShelfsService\src\ShelfsService.Host\Features\Items\UpdateItem.cs:line 86
   at FastEndpoints.Endpoint`2.ExecAsync(CancellationToken ct)
   at FastEndpoints.Endpoint`2.ExecAsync(CancellationToken ct)
   at Microsoft.AspNetCore.Http.RequestDelegateFactory.ExecuteResultWriteResponse(IResult result, HttpContext httpContext)
   at Microsoft.AspNetCore.Authorization.AuthorizationMiddleware.Invoke(HttpContext context)
   at Microsoft.AspNetCore.Authentication.AuthenticationMiddleware.Invoke(HttpContext context)
   at Swashbuckle.AspNetCore.SwaggerUI.SwaggerUIMiddleware.Invoke(HttpContext httpContext)
   at Swashbuckle.AspNetCore.Swagger.SwaggerMiddleware.Invoke(HttpContext httpContext, ISwaggerProvider swaggerProvider)
   at Serilog.AspNetCore.RequestLoggingMiddleware.Invoke(HttpContext httpContext)
   at Microsoft.AspNetCore.Diagnostics.DeveloperExceptionPageMiddlewareImpl.Invoke(HttpContext context)
2026-07-01 23:15:46.195 +03:00 [INF] ShelfsService Serilog.AspNetCore.RequestLoggingMiddleware HTTP OPTIONS /shelfs/items responded 204 in 0.3467 ms
2026-07-01 23:15:50.532 +03:00 [INF] ShelfsService Microsoft.EntityFrameworkCore.Database.Command Executed DbCommand (3ms) [Parameters=[@__itemId_0='?' (DbType = Guid)], CommandType='"Text"', CommandTimeout='30']
SELECT i."Id", i."AttributeColorMain", i."AttributeColorSecond", i."AttributeMatterial", i."AttributePattern", i."AttributeSeason", i."AttributeType", i."BigImage", i."DateCreated", i."Name", i."ShelfId", i."SmallImage", i."UpdatedAt", i."UserId", i."isFavorite", i."positionKey"
FROM shelf_service."Items" AS i
WHERE i."Id" = @__itemId_0
LIMIT 1
2026-07-01 23:15:50.622 +03:00 [INF] ShelfsService Microsoft.EntityFrameworkCore.Database.Command Executed DbCommand (9ms) [Parameters=[@p15='?' (DbType = Guid), @p0='?', @p1='?', @p2='?' (DbType = Int32), @p3='?' (DbType = Int32), @p4='?' (DbType = Int32), @p5='?' (DbType = Int32), @p6='?', @p7='?' (DbType = DateTime), @p8='?', @p9='?' (DbType = Guid), @p10='?', @p11='?' (DbType = DateTime), @p12='?' (DbType = Guid), @p13='?' (DbType = Boolean), @p14='?'], CommandType='"Text"', CommandTimeout='30']
UPDATE shelf_service."Items" SET "AttributeColorMain" = @p0, "AttributeColorSecond" = @p1, "AttributeMatterial" = @p2, "AttributePattern" = @p3, "AttributeSeason" = @p4, "AttributeType" = @p5, "BigImage" = @p6, "DateCreated" = @p7, "Name" = @p8, "ShelfId" = @p9, "SmallImage" = @p10, "UpdatedAt" = @p11, "UserId" = @p12, "isFavorite" = @p13, "positionKey" = @p14
WHERE "Id" = @p15;
2026-07-01 23:15:50.635 +03:00 [INF] ShelfsService Serilog.AspNetCore.RequestLoggingMiddleware HTTP PUT /shelfs/items responded 200 in 4429.7555 ms
2026-07-01 23:15:50.647 +03:00 [INF] ShelfsService Serilog.AspNetCore.RequestLoggingMiddleware HTTP OPTIONS /shelfs/items/bbbbbbbb-bbbb-bbbb-bbbb-bbbbbbbbbbbb responded 204 in 0.1018 ms
2026-07-01 23:15:50.664 +03:00 [INF] ShelfsService Microsoft.EntityFrameworkCore.Database.Command Executed DbCommand (4ms) [Parameters=[@__itemId_0='?' (DbType = Guid)], CommandType='"Text"', CommandTimeout='30']
SELECT i."Id", i."AttributeColorMain", i."AttributeColorSecond", i."AttributeMatterial", i."AttributePattern", i."AttributeSeason", i."AttributeType", i."BigImage", i."DateCreated", i."Name", i."ShelfId", i."SmallImage", i."UpdatedAt", i."UserId", i."isFavorite", i."positionKey"
FROM shelf_service."Items" AS i
WHERE i."Id" = @__itemId_0
LIMIT 1
2026-07-01 23:15:50.666 +03:00 [INF] ShelfsService ShelfsService.src.ShelfsService.Host.Features.Items.GetItemById Item "bbbbbbbb-bbbb-bbbb-bbbb-bbbbbbbbbbbb" was returned
2026-07-01 23:15:50.668 +03:00 [INF] ShelfsService Serilog.AspNetCore.RequestLoggingMiddleware HTTP GET /shelfs/items/bbbbbbbb-bbbb-bbbb-bbbb-bbbbbbbbbbbb responded 200 in 12.0495 ms
2026-07-01 23:16:03.925 +03:00 [INF] ShelfsService Serilog.AspNetCore.RequestLoggingMiddleware HTTP OPTIONS /shelfs/items/aaaaaaaa-aaaa-aaaa-aaaa-aaaaaaaaaaaa responded 204 in 0.3223 ms
2026-07-01 23:16:03.939 +03:00 [INF] ShelfsService Microsoft.EntityFrameworkCore.Database.Command Executed DbCommand (4ms) [Parameters=[@__itemId_0='?' (DbType = Guid)], CommandType='"Text"', CommandTimeout='30']
SELECT i."Id", i."AttributeColorMain", i."AttributeColorSecond", i."AttributeMatterial", i."AttributePattern", i."AttributeSeason", i."AttributeType", i."BigImage", i."DateCreated", i."Name", i."ShelfId", i."SmallImage", i."UpdatedAt", i."UserId", i."isFavorite", i."positionKey"
FROM shelf_service."Items" AS i
WHERE i."Id" = @__itemId_0
LIMIT 1
2026-07-01 23:16:03.945 +03:00 [INF] ShelfsService ShelfsService.src.ShelfsService.Host.Features.Items.GetItemById Item "aaaaaaaa-aaaa-aaaa-aaaa-aaaaaaaaaaaa" was returned
2026-07-01 23:16:03.946 +03:00 [INF] ShelfsService Serilog.AspNetCore.RequestLoggingMiddleware HTTP GET /shelfs/items/aaaaaaaa-aaaa-aaaa-aaaa-aaaaaaaaaaaa responded 200 in 14.4503 ms
2026-07-01 23:16:16.037 +03:00 [INF] ShelfsService Serilog.AspNetCore.RequestLoggingMiddleware HTTP OPTIONS /shelfs/items responded 204 in 0.3692 ms
2026-07-01 23:16:16.078 +03:00 [INF] ShelfsService Microsoft.EntityFrameworkCore.Database.Command Executed DbCommand (3ms) [Parameters=[@__itemId_0='?' (DbType = Guid)], CommandType='"Text"', CommandTimeout='30']
SELECT i."Id", i."AttributeColorMain", i."AttributeColorSecond", i."AttributeMatterial", i."AttributePattern", i."AttributeSeason", i."AttributeType", i."BigImage", i."DateCreated", i."Name", i."ShelfId", i."SmallImage", i."UpdatedAt", i."UserId", i."isFavorite", i."positionKey"
FROM shelf_service."Items" AS i
WHERE i."Id" = @__itemId_0
LIMIT 1
2026-07-01 23:16:36.041 +03:00 [INF] ShelfsService Grpc.Net.Client.Internal.GrpcCall Error sending message.
System.Net.Http.HttpProtocolException: The HTTP/2 server closed the connection. HTTP/2 error code 'HTTP_1_1_REQUIRED' (0xd). (HttpProtocolError)
   at System.Net.Http.Http2Connection.ThrowRequestAborted(Exception innerException)
   at System.Net.Http.Http2Connection.Http2Stream.SendDataAsync(ReadOnlyMemory`1 buffer, CancellationToken cancellationToken)
   at Grpc.Net.Client.Internal.StreamExtensions.WriteMessageAsync[TMessage](Stream stream, GrpcCall call, TMessage message, Action`2 serializer, CallOptions callOptions)
2026-07-01 23:16:36.048 +03:00 [INF] ShelfsService Grpc.Net.Client.Internal.GrpcCall Call failed with gRPC error status. Status code: '"Internal"', Message: 'Error starting gRPC call. HttpRequestException: The HTTP/2 server closed the connection. HTTP/2 error code 'HTTP_1_1_REQUIRED' (0xd). (HttpProtocolError) HttpProtocolException: The HTTP/2 server closed the connection. HTTP/2 error code 'HTTP_1_1_REQUIRED' (0xd). (HttpProtocolError)'.
System.Net.Http.HttpRequestException: The HTTP/2 server closed the connection. HTTP/2 error code 'HTTP_1_1_REQUIRED' (0xd). (HttpProtocolError)
 ---> System.Net.Http.HttpProtocolException: The HTTP/2 server closed the connection. HTTP/2 error code 'HTTP_1_1_REQUIRED' (0xd). (HttpProtocolError)
   at System.Net.Http.Http2Connection.ThrowRequestAborted(Exception innerException)
   at System.Net.Http.Http2Connection.Http2Stream.SendDataAsync(ReadOnlyMemory`1 buffer, CancellationToken cancellationToken)
   at Grpc.Net.Client.Internal.StreamExtensions.WriteMessageAsync[TMessage](Stream stream, GrpcCall call, TMessage message, Action`2 serializer, CallOptions callOptions)
   at Grpc.Net.Client.Internal.PushUnaryContent`2.WriteMessageCore(Task writeMessageTask)
   at System.Net.Http.Http2Connection.Http2Stream.SendRequestBodyAsync(CancellationToken cancellationToken)
   at System.Net.Http.Http2Connection.SendAsync(HttpRequestMessage request, Boolean async, CancellationToken cancellationToken)
   --- End of inner exception stack trace ---
   at System.Net.Http.Http2Connection.SendAsync(HttpRequestMessage request, Boolean async, CancellationToken cancellationToken)
   at System.Net.Http.HttpConnectionPool.SendWithVersionDetectionAndRetryAsync(HttpRequestMessage request, Boolean async, Boolean doRequestAuth, CancellationToken cancellationToken)
   at System.Net.Http.DiagnosticsHandler.SendAsyncCore(HttpRequestMessage request, Boolean async, CancellationToken cancellationToken)
   at System.Net.Http.RedirectHandler.SendAsync(HttpRequestMessage request, Boolean async, CancellationToken cancellationToken)
   at Microsoft.Extensions.Http.Logging.LoggingHttpMessageHandler.<SendCoreAsync>g__Core|5_0(HttpRequestMessage request, Boolean useAsync, CancellationToken cancellationToken)
   at Microsoft.Extensions.Http.Logging.LoggingScopeHttpMessageHandler.<SendCoreAsync>g__Core|5_0(HttpRequestMessage request, Boolean useAsync, CancellationToken cancellationToken)
   at Grpc.Net.Client.Balancer.Internal.BalancerHttpHandler.SendAsync(HttpRequestMessage request, CancellationToken cancellationToken)
   at System.Net.Http.HttpMessageInvoker.<SendAsync>g__SendAsyncWithTelemetry|6_0(HttpMessageHandler handler, HttpRequestMessage request, CancellationToken cancellationToken)
   at Grpc.Net.Client.Internal.GrpcCall`2.RunCall(HttpRequestMessage request, Nullable`1 timeout)
2026-07-01 23:16:36.182 +03:00 [ERR] ShelfsService Serilog.AspNetCore.RequestLoggingMiddleware HTTP PUT /shelfs/items responded 500 in 20142.6903 ms
Grpc.Core.RpcException: Status(StatusCode="Internal", Detail="Error starting gRPC call. HttpRequestException: The HTTP/2 server closed the connection. HTTP/2 error code 'HTTP_1_1_REQUIRED' (0xd). (HttpProtocolError) HttpProtocolException: The HTTP/2 server closed the connection. HTTP/2 error code 'HTTP_1_1_REQUIRED' (0xd). (HttpProtocolError)", DebugException="System.Net.Http.HttpRequestException: The HTTP/2 server closed the connection. HTTP/2 error code 'HTTP_1_1_REQUIRED' (0xd). (HttpProtocolError)")
 ---> System.Net.Http.HttpRequestException: The HTTP/2 server closed the connection. HTTP/2 error code 'HTTP_1_1_REQUIRED' (0xd). (HttpProtocolError)
 ---> System.Net.Http.HttpProtocolException: The HTTP/2 server closed the connection. HTTP/2 error code 'HTTP_1_1_REQUIRED' (0xd). (HttpProtocolError)
   at System.Net.Http.Http2Connection.ThrowRequestAborted(Exception innerException)
   at System.Net.Http.Http2Connection.Http2Stream.SendDataAsync(ReadOnlyMemory`1 buffer, CancellationToken cancellationToken)
   at Grpc.Net.Client.Internal.StreamExtensions.WriteMessageAsync[TMessage](Stream stream, GrpcCall call, TMessage message, Action`2 serializer, CallOptions callOptions)
   at Grpc.Net.Client.Internal.PushUnaryContent`2.WriteMessageCore(Task writeMessageTask)
   at System.Net.Http.Http2Connection.Http2Stream.SendRequestBodyAsync(CancellationToken cancellationToken)
   at System.Net.Http.Http2Connection.SendAsync(HttpRequestMessage request, Boolean async, CancellationToken cancellationToken)
   --- End of inner exception stack trace ---
   at System.Net.Http.Http2Connection.SendAsync(HttpRequestMessage request, Boolean async, CancellationToken cancellationToken)
   at System.Net.Http.HttpConnectionPool.SendWithVersionDetectionAndRetryAsync(HttpRequestMessage request, Boolean async, Boolean doRequestAuth, CancellationToken cancellationToken)
   at System.Net.Http.DiagnosticsHandler.SendAsyncCore(HttpRequestMessage request, Boolean async, CancellationToken cancellationToken)
   at System.Net.Http.RedirectHandler.SendAsync(HttpRequestMessage request, Boolean async, CancellationToken cancellationToken)
   at Microsoft.Extensions.Http.Logging.LoggingHttpMessageHandler.<SendCoreAsync>g__Core|5_0(HttpRequestMessage request, Boolean useAsync, CancellationToken cancellationToken)
   at Microsoft.Extensions.Http.Logging.LoggingScopeHttpMessageHandler.<SendCoreAsync>g__Core|5_0(HttpRequestMessage request, Boolean useAsync, CancellationToken cancellationToken)
   at Grpc.Net.Client.Balancer.Internal.BalancerHttpHandler.SendAsync(HttpRequestMessage request, CancellationToken cancellationToken)
   at System.Net.Http.HttpMessageInvoker.<SendAsync>g__SendAsyncWithTelemetry|6_0(HttpMessageHandler handler, HttpRequestMessage request, CancellationToken cancellationToken)
   at Grpc.Net.Client.Internal.GrpcCall`2.RunCall(HttpRequestMessage request, Nullable`1 timeout)
   --- End of inner exception stack trace ---
   at Grpc.Net.Client.Internal.GrpcCall`2.GetResponseHeadersCoreAsync()
   at ShelfsService.src.ShelfsService.Host.Features.Items.UpdateItemCommandHandler.HandleAsync(UpdateItemCommand request, CancellationToken ct) in D:\visualStudio\Projects\OnlineShelf\backend\Microservices\ShelfsService\src\ShelfsService.Host\Features\Items\UpdateItem.cs:line 86
   at FastEndpoints.Endpoint`2.ExecAsync(CancellationToken ct)
   at FastEndpoints.Endpoint`2.ExecAsync(CancellationToken ct)
   at Microsoft.AspNetCore.Http.RequestDelegateFactory.ExecuteResultWriteResponse(IResult result, HttpContext httpContext)
   at Microsoft.AspNetCore.Authorization.AuthorizationMiddleware.Invoke(HttpContext context)
   at Microsoft.AspNetCore.Authentication.AuthenticationMiddleware.Invoke(HttpContext context)
   at Swashbuckle.AspNetCore.SwaggerUI.SwaggerUIMiddleware.Invoke(HttpContext httpContext)
   at Swashbuckle.AspNetCore.Swagger.SwaggerMiddleware.Invoke(HttpContext httpContext, ISwaggerProvider swaggerProvider)
   at Serilog.AspNetCore.RequestLoggingMiddleware.Invoke(HttpContext httpContext)
2026-07-01 23:16:36.189 +03:00 [ERR] ShelfsService Microsoft.AspNetCore.Diagnostics.DeveloperExceptionPageMiddleware An unhandled exception has occurred while executing the request.
Grpc.Core.RpcException: Status(StatusCode="Internal", Detail="Error starting gRPC call. HttpRequestException: The HTTP/2 server closed the connection. HTTP/2 error code 'HTTP_1_1_REQUIRED' (0xd). (HttpProtocolError) HttpProtocolException: The HTTP/2 server closed the connection. HTTP/2 error code 'HTTP_1_1_REQUIRED' (0xd). (HttpProtocolError)", DebugException="System.Net.Http.HttpRequestException: The HTTP/2 server closed the connection. HTTP/2 error code 'HTTP_1_1_REQUIRED' (0xd). (HttpProtocolError)")
 ---> System.Net.Http.HttpRequestException: The HTTP/2 server closed the connection. HTTP/2 error code 'HTTP_1_1_REQUIRED' (0xd). (HttpProtocolError)
 ---> System.Net.Http.HttpProtocolException: The HTTP/2 server closed the connection. HTTP/2 error code 'HTTP_1_1_REQUIRED' (0xd). (HttpProtocolError)
   at System.Net.Http.Http2Connection.ThrowRequestAborted(Exception innerException)
   at System.Net.Http.Http2Connection.Http2Stream.SendDataAsync(ReadOnlyMemory`1 buffer, CancellationToken cancellationToken)
   at Grpc.Net.Client.Internal.StreamExtensions.WriteMessageAsync[TMessage](Stream stream, GrpcCall call, TMessage message, Action`2 serializer, CallOptions callOptions)
   at Grpc.Net.Client.Internal.PushUnaryContent`2.WriteMessageCore(Task writeMessageTask)
   at System.Net.Http.Http2Connection.Http2Stream.SendRequestBodyAsync(CancellationToken cancellationToken)
   at System.Net.Http.Http2Connection.SendAsync(HttpRequestMessage request, Boolean async, CancellationToken cancellationToken)
   --- End of inner exception stack trace ---
   at System.Net.Http.Http2Connection.SendAsync(HttpRequestMessage request, Boolean async, CancellationToken cancellationToken)
   at System.Net.Http.HttpConnectionPool.SendWithVersionDetectionAndRetryAsync(HttpRequestMessage request, Boolean async, Boolean doRequestAuth, CancellationToken cancellationToken)
   at System.Net.Http.DiagnosticsHandler.SendAsyncCore(HttpRequestMessage request, Boolean async, CancellationToken cancellationToken)
   at System.Net.Http.RedirectHandler.SendAsync(HttpRequestMessage request, Boolean async, CancellationToken cancellationToken)
   at Microsoft.Extensions.Http.Logging.LoggingHttpMessageHandler.<SendCoreAsync>g__Core|5_0(HttpRequestMessage request, Boolean useAsync, CancellationToken cancellationToken)
   at Microsoft.Extensions.Http.Logging.LoggingScopeHttpMessageHandler.<SendCoreAsync>g__Core|5_0(HttpRequestMessage request, Boolean useAsync, CancellationToken cancellationToken)
   at Grpc.Net.Client.Balancer.Internal.BalancerHttpHandler.SendAsync(HttpRequestMessage request, CancellationToken cancellationToken)
   at System.Net.Http.HttpMessageInvoker.<SendAsync>g__SendAsyncWithTelemetry|6_0(HttpMessageHandler handler, HttpRequestMessage request, CancellationToken cancellationToken)
   at Grpc.Net.Client.Internal.GrpcCall`2.RunCall(HttpRequestMessage request, Nullable`1 timeout)
   --- End of inner exception stack trace ---
   at Grpc.Net.Client.Internal.GrpcCall`2.GetResponseHeadersCoreAsync()
   at ShelfsService.src.ShelfsService.Host.Features.Items.UpdateItemCommandHandler.HandleAsync(UpdateItemCommand request, CancellationToken ct) in D:\visualStudio\Projects\OnlineShelf\backend\Microservices\ShelfsService\src\ShelfsService.Host\Features\Items\UpdateItem.cs:line 86
   at FastEndpoints.Endpoint`2.ExecAsync(CancellationToken ct)
   at FastEndpoints.Endpoint`2.ExecAsync(CancellationToken ct)
   at Microsoft.AspNetCore.Http.RequestDelegateFactory.ExecuteResultWriteResponse(IResult result, HttpContext httpContext)
   at Microsoft.AspNetCore.Authorization.AuthorizationMiddleware.Invoke(HttpContext context)
   at Microsoft.AspNetCore.Authentication.AuthenticationMiddleware.Invoke(HttpContext context)
   at Swashbuckle.AspNetCore.SwaggerUI.SwaggerUIMiddleware.Invoke(HttpContext httpContext)
   at Swashbuckle.AspNetCore.Swagger.SwaggerMiddleware.Invoke(HttpContext httpContext, ISwaggerProvider swaggerProvider)
   at Serilog.AspNetCore.RequestLoggingMiddleware.Invoke(HttpContext httpContext)
   at Microsoft.AspNetCore.Diagnostics.DeveloperExceptionPageMiddlewareImpl.Invoke(HttpContext context)
2026-07-01 23:16:52.878 +03:00 [INF] ShelfsService Serilog.AspNetCore.RequestLoggingMiddleware HTTP OPTIONS /shelfs/items responded 204 in 0.3392 ms
2026-07-01 23:16:52.916 +03:00 [INF] ShelfsService Microsoft.EntityFrameworkCore.Database.Command Executed DbCommand (2ms) [Parameters=[@__itemId_0='?' (DbType = Guid)], CommandType='"Text"', CommandTimeout='30']
SELECT i."Id", i."AttributeColorMain", i."AttributeColorSecond", i."AttributeMatterial", i."AttributePattern", i."AttributeSeason", i."AttributeType", i."BigImage", i."DateCreated", i."Name", i."ShelfId", i."SmallImage", i."UpdatedAt", i."UserId", i."isFavorite", i."positionKey"
FROM shelf_service."Items" AS i
WHERE i."Id" = @__itemId_0
LIMIT 1
2026-07-01 23:19:54.047 +03:00 [INF] ShelfsService Microsoft.EntityFrameworkCore.Database.Command Executed DbCommand (23ms) [Parameters=[], CommandType='"Text"', CommandTimeout='30']
CREATE SCHEMA IF NOT EXISTS shelf_service;
2026-07-01 23:19:54.098 +03:00 [INF] ShelfsService Microsoft.EntityFrameworkCore.Database.Command Executed DbCommand (4ms) [Parameters=[], CommandType='"Text"', CommandTimeout='30']
SELECT "MigrationId", "ProductVersion"
FROM shelf_service."__EFMigrationsHistory"
ORDER BY "MigrationId";
2026-07-01 23:19:54.358 +03:00 [INF] ShelfsService Microsoft.EntityFrameworkCore.Database.Command Executed DbCommand (6ms) [Parameters=[], CommandType='"Text"', CommandTimeout='30']
DO $EF$
BEGIN
    IF NOT EXISTS(SELECT 1 FROM pg_namespace WHERE nspname = 'shelf_service') THEN
        CREATE SCHEMA shelf_service;
    END IF;
END $EF$;
CREATE TABLE IF NOT EXISTS shelf_service."__EFMigrationsHistory" (
    "MigrationId" character varying(150) NOT NULL,
    "ProductVersion" character varying(32) NOT NULL,
    CONSTRAINT "PK___EFMigrationsHistory" PRIMARY KEY ("MigrationId")
);
2026-07-01 23:19:54.368 +03:00 [INF] ShelfsService Microsoft.EntityFrameworkCore.Migrations Acquiring an exclusive lock for migration application. See https://aka.ms/efcore-docs-migrations-lock for more information if this takes too long.
2026-07-01 23:19:54.370 +03:00 [INF] ShelfsService Microsoft.EntityFrameworkCore.Database.Command Executed DbCommand (2ms) [Parameters=[], CommandType='"Text"', CommandTimeout='30']
LOCK TABLE shelf_service."__EFMigrationsHistory" IN ACCESS EXCLUSIVE MODE
2026-07-01 23:19:54.372 +03:00 [INF] ShelfsService Microsoft.EntityFrameworkCore.Database.Command Executed DbCommand (1ms) [Parameters=[], CommandType='"Text"', CommandTimeout='30']
SELECT "MigrationId", "ProductVersion"
FROM shelf_service."__EFMigrationsHistory"
ORDER BY "MigrationId";
2026-07-01 23:19:54.377 +03:00 [INF] ShelfsService Microsoft.EntityFrameworkCore.Migrations No migrations were applied. The database is already up to date.
2026-07-01 23:19:54.839 +03:00 [INF] ShelfsService Microsoft.EntityFrameworkCore.Database.Command Executed DbCommand (12ms) [Parameters=[], CommandType='"Text"', CommandTimeout='30']
SELECT a."Id", a."AttributeKey", a."Name"
FROM shelf_service."Attributes" AS a
2026-07-01 23:19:54.909 +03:00 [INF] ShelfsService Microsoft.EntityFrameworkCore.Database.Command Executed DbCommand (3ms) [Parameters=[], CommandType='"Text"', CommandTimeout='30']
SELECT a."Id", a."AttributeId", a."AttributeKey", a."AttributeValue"
FROM shelf_service."AttributesValues" AS a
2026-07-01 23:19:54.940 +03:00 [INF] ShelfsService FastEndpoints.StartupTimer Registered 11 endpoints in 2 162 milliseconds.
2026-07-01 23:19:55.015 +03:00 [INF] ShelfsService Microsoft.EntityFrameworkCore.Database.Command Executed DbCommand (5ms) [Parameters=[], CommandType='"Text"', CommandTimeout='30']
CREATE SCHEMA IF NOT EXISTS shelf_service;
2026-07-01 23:19:55.026 +03:00 [INF] ShelfsService Microsoft.EntityFrameworkCore.Database.Command Executed DbCommand (2ms) [Parameters=[], CommandType='"Text"', CommandTimeout='30']
SELECT "MigrationId", "ProductVersion"
FROM shelf_service."__EFMigrationsHistory"
ORDER BY "MigrationId";
2026-07-01 23:19:55.089 +03:00 [INF] ShelfsService Microsoft.EntityFrameworkCore.Database.Command Executed DbCommand (2ms) [Parameters=[], CommandType='"Text"', CommandTimeout='30']
DO $EF$
BEGIN
    IF NOT EXISTS(SELECT 1 FROM pg_namespace WHERE nspname = 'shelf_service') THEN
        CREATE SCHEMA shelf_service;
    END IF;
END $EF$;
CREATE TABLE IF NOT EXISTS shelf_service."__EFMigrationsHistory" (
    "MigrationId" character varying(150) NOT NULL,
    "ProductVersion" character varying(32) NOT NULL,
    CONSTRAINT "PK___EFMigrationsHistory" PRIMARY KEY ("MigrationId")
);
2026-07-01 23:19:55.104 +03:00 [INF] ShelfsService Microsoft.EntityFrameworkCore.Database.Command Executed DbCommand (2ms) [Parameters=[], CommandType='"Text"', CommandTimeout='30']
LOCK TABLE shelf_service."__EFMigrationsHistory" IN ACCESS EXCLUSIVE MODE
2026-07-01 23:19:55.109 +03:00 [INF] ShelfsService Microsoft.EntityFrameworkCore.Database.Command Executed DbCommand (2ms) [Parameters=[], CommandType='"Text"', CommandTimeout='30']
SELECT "MigrationId", "ProductVersion"
FROM shelf_service."__EFMigrationsHistory"
ORDER BY "MigrationId";
2026-07-01 23:19:55.110 +03:00 [INF] ShelfsService Microsoft.EntityFrameworkCore.Migrations No migrations were applied. The database is already up to date.
2026-07-01 23:19:55.125 +03:00 [INF] ShelfsService Microsoft.EntityFrameworkCore.Database.Command Executed DbCommand (3ms) [Parameters=[], CommandType='"Text"', CommandTimeout='30']
SELECT "MigrationId", "ProductVersion"
FROM shelf_service."__EFMigrationsHistory"
ORDER BY "MigrationId";
2026-07-01 23:19:55.150 +03:00 [INF] ShelfsService Microsoft.EntityFrameworkCore.Database.Command Executed DbCommand (2ms) [Parameters=[], CommandType='"Text"', CommandTimeout='30']
DO $EF$
BEGIN
    IF NOT EXISTS(SELECT 1 FROM pg_namespace WHERE nspname = 'shelf_service') THEN
        CREATE SCHEMA shelf_service;
    END IF;
END $EF$;
CREATE TABLE IF NOT EXISTS shelf_service."__EFMigrationsHistory" (
    "MigrationId" character varying(150) NOT NULL,
    "ProductVersion" character varying(32) NOT NULL,
    CONSTRAINT "PK___EFMigrationsHistory" PRIMARY KEY ("MigrationId")
);
2026-07-01 23:19:55.154 +03:00 [INF] ShelfsService Microsoft.EntityFrameworkCore.Database.Command Executed DbCommand (2ms) [Parameters=[], CommandType='"Text"', CommandTimeout='30']
LOCK TABLE shelf_service."__EFMigrationsHistory" IN ACCESS EXCLUSIVE MODE
2026-07-01 23:19:55.157 +03:00 [INF] ShelfsService Microsoft.EntityFrameworkCore.Database.Command Executed DbCommand (2ms) [Parameters=[], CommandType='"Text"', CommandTimeout='30']
SELECT "MigrationId", "ProductVersion"
FROM shelf_service."__EFMigrationsHistory"
ORDER BY "MigrationId";
2026-07-01 23:19:55.157 +03:00 [INF] ShelfsService Microsoft.EntityFrameworkCore.Migrations No migrations were applied. The database is already up to date.
2026-07-01 23:19:55.219 +03:00 [INF] ShelfsService Microsoft.EntityFrameworkCore.Database.Command Executed DbCommand (2ms) [Parameters=[], CommandType='"Text"', CommandTimeout='30']
SELECT EXISTS (
    SELECT 1
    FROM shelf_service."Shelfs" AS s)
2026-07-01 23:19:55.231 +03:00 [INF] ShelfsService Microsoft.EntityFrameworkCore.Database.Command Executed DbCommand (2ms) [Parameters=[], CommandType='"Text"', CommandTimeout='30']
SELECT EXISTS (
    SELECT 1
    FROM shelf_service."Items" AS i)
2026-07-01 23:19:55.238 +03:00 [INF] ShelfsService Microsoft.EntityFrameworkCore.Database.Command Executed DbCommand (3ms) [Parameters=[], CommandType='"Text"', CommandTimeout='30']
SELECT EXISTS (
    SELECT 1
    FROM shelf_service."AttributesValues" AS a)
2026-07-01 23:19:55.245 +03:00 [INF] ShelfsService Microsoft.EntityFrameworkCore.Database.Command Executed DbCommand (2ms) [Parameters=[], CommandType='"Text"', CommandTimeout='30']
SELECT EXISTS (
    SELECT 1
    FROM shelf_service."Attributes" AS a)
2026-07-01 23:19:55.557 +03:00 [INF] ShelfsService Microsoft.Hosting.Lifetime Application started. Press Ctrl+C to shut down.
2026-07-01 23:19:55.558 +03:00 [INF] ShelfsService Microsoft.Hosting.Lifetime Hosting environment: Development
2026-07-01 23:19:55.558 +03:00 [INF] ShelfsService Microsoft.Hosting.Lifetime Content root path: D:\visualStudio\Projects\OnlineShelf\backend\Microservices\ShelfsService
2026-07-01 23:19:55.685 +03:00 [INF] ShelfsService Serilog.AspNetCore.RequestLoggingMiddleware HTTP GET /swagger/index.html responded 200 in 134.4150 ms
2026-07-01 23:19:56.045 +03:00 [INF] ShelfsService Serilog.AspNetCore.RequestLoggingMiddleware HTTP GET /swagger/v1/swagger.json responded 200 in 11.7203 ms
2026-07-01 23:20:01.966 +03:00 [INF] ShelfsService Serilog.AspNetCore.RequestLoggingMiddleware HTTP OPTIONS /shelfs/items responded 204 in 2.7148 ms
2026-07-01 23:20:02.245 +03:00 [INF] ShelfsService Microsoft.EntityFrameworkCore.Database.Command Executed DbCommand (10ms) [Parameters=[@__itemId_0='?' (DbType = Guid)], CommandType='"Text"', CommandTimeout='30']
SELECT i."Id", i."AttributeColorMain", i."AttributeColorSecond", i."AttributeMatterial", i."AttributePattern", i."AttributeSeason", i."AttributeType", i."BigImage", i."DateCreated", i."Name", i."ShelfId", i."SmallImage", i."UpdatedAt", i."UserId", i."isFavorite", i."positionKey"
FROM shelf_service."Items" AS i
WHERE i."Id" = @__itemId_0
LIMIT 1
2026-07-01 23:20:05.096 +03:00 [INF] ShelfsService Grpc.Net.Client.Internal.GrpcCall Call failed with gRPC error status. Status code: '"Unavailable"', Message: 'Error connecting to subchannel.'.
System.Net.Sockets.SocketException (11001): No such host is known.
   at System.Net.Sockets.Socket.AwaitableSocketAsyncEventArgs.ThrowException(SocketError error, CancellationToken cancellationToken)
   at System.Net.Sockets.Socket.AwaitableSocketAsyncEventArgs.System.Threading.Tasks.Sources.IValueTaskSource.GetResult(Int16 token)
   at System.Net.Sockets.Socket.<ConnectAsync>g__WaitForConnectWithCancellation|285_0(AwaitableSocketAsyncEventArgs saea, ValueTask connectTask, CancellationToken cancellationToken)
   at Grpc.Net.Client.Balancer.Internal.SocketConnectivitySubchannelTransport.TryConnectAsync(ConnectContext context, Int32 attempt)
2026-07-01 23:20:05.145 +03:00 [ERR] ShelfsService Serilog.AspNetCore.RequestLoggingMiddleware HTTP PUT /shelfs/items responded 500 in 3173.4864 ms
Grpc.Core.RpcException: Status(StatusCode="Unavailable", Detail="Error connecting to subchannel.", DebugException="System.Net.Sockets.SocketException: No such host is known.")
 ---> System.Net.Sockets.SocketException (11001): No such host is known.
   at System.Net.Sockets.Socket.AwaitableSocketAsyncEventArgs.ThrowException(SocketError error, CancellationToken cancellationToken)
   at System.Net.Sockets.Socket.AwaitableSocketAsyncEventArgs.System.Threading.Tasks.Sources.IValueTaskSource.GetResult(Int16 token)
   at System.Net.Sockets.Socket.<ConnectAsync>g__WaitForConnectWithCancellation|285_0(AwaitableSocketAsyncEventArgs saea, ValueTask connectTask, CancellationToken cancellationToken)
   at Grpc.Net.Client.Balancer.Internal.SocketConnectivitySubchannelTransport.TryConnectAsync(ConnectContext context, Int32 attempt)
   --- End of inner exception stack trace ---
   at Grpc.Net.Client.Balancer.Internal.ConnectionManager.PickAsync(PickContext context, Boolean waitForReady, CancellationToken cancellationToken)
   at Grpc.Net.Client.Balancer.Internal.BalancerHttpHandler.SendAsync(HttpRequestMessage request, CancellationToken cancellationToken)
   at System.Net.Http.HttpMessageInvoker.<SendAsync>g__SendAsyncWithTelemetry|6_0(HttpMessageHandler handler, HttpRequestMessage request, CancellationToken cancellationToken)
   at Grpc.Net.Client.Internal.GrpcCall`2.RunCall(HttpRequestMessage request, Nullable`1 timeout)
   at Grpc.Net.Client.Internal.GrpcCall`2.GetResponseHeadersCoreAsync()
   at ShelfsService.src.ShelfsService.Host.Features.Items.UpdateItemCommandHandler.HandleAsync(UpdateItemCommand request, CancellationToken ct) in D:\visualStudio\Projects\OnlineShelf\backend\Microservices\ShelfsService\src\ShelfsService.Host\Features\Items\UpdateItem.cs:line 86
   at FastEndpoints.Endpoint`2.ExecAsync(CancellationToken ct)
   at FastEndpoints.Endpoint`2.ExecAsync(CancellationToken ct)
   at Microsoft.AspNetCore.Http.RequestDelegateFactory.ExecuteResultWriteResponse(IResult result, HttpContext httpContext)
   at Microsoft.AspNetCore.Authorization.AuthorizationMiddleware.Invoke(HttpContext context)
   at Microsoft.AspNetCore.Authentication.AuthenticationMiddleware.Invoke(HttpContext context)
   at Swashbuckle.AspNetCore.SwaggerUI.SwaggerUIMiddleware.Invoke(HttpContext httpContext)
   at Swashbuckle.AspNetCore.Swagger.SwaggerMiddleware.Invoke(HttpContext httpContext, ISwaggerProvider swaggerProvider)
   at Serilog.AspNetCore.RequestLoggingMiddleware.Invoke(HttpContext httpContext)
2026-07-01 23:20:05.175 +03:00 [ERR] ShelfsService Microsoft.AspNetCore.Diagnostics.DeveloperExceptionPageMiddleware An unhandled exception has occurred while executing the request.
Grpc.Core.RpcException: Status(StatusCode="Unavailable", Detail="Error connecting to subchannel.", DebugException="System.Net.Sockets.SocketException: No such host is known.")
 ---> System.Net.Sockets.SocketException (11001): No such host is known.
   at System.Net.Sockets.Socket.AwaitableSocketAsyncEventArgs.ThrowException(SocketError error, CancellationToken cancellationToken)
   at System.Net.Sockets.Socket.AwaitableSocketAsyncEventArgs.System.Threading.Tasks.Sources.IValueTaskSource.GetResult(Int16 token)
   at System.Net.Sockets.Socket.<ConnectAsync>g__WaitForConnectWithCancellation|285_0(AwaitableSocketAsyncEventArgs saea, ValueTask connectTask, CancellationToken cancellationToken)
   at Grpc.Net.Client.Balancer.Internal.SocketConnectivitySubchannelTransport.TryConnectAsync(ConnectContext context, Int32 attempt)
   --- End of inner exception stack trace ---
   at Grpc.Net.Client.Balancer.Internal.ConnectionManager.PickAsync(PickContext context, Boolean waitForReady, CancellationToken cancellationToken)
   at Grpc.Net.Client.Balancer.Internal.BalancerHttpHandler.SendAsync(HttpRequestMessage request, CancellationToken cancellationToken)
   at System.Net.Http.HttpMessageInvoker.<SendAsync>g__SendAsyncWithTelemetry|6_0(HttpMessageHandler handler, HttpRequestMessage request, CancellationToken cancellationToken)
   at Grpc.Net.Client.Internal.GrpcCall`2.RunCall(HttpRequestMessage request, Nullable`1 timeout)
   at Grpc.Net.Client.Internal.GrpcCall`2.GetResponseHeadersCoreAsync()
   at ShelfsService.src.ShelfsService.Host.Features.Items.UpdateItemCommandHandler.HandleAsync(UpdateItemCommand request, CancellationToken ct) in D:\visualStudio\Projects\OnlineShelf\backend\Microservices\ShelfsService\src\ShelfsService.Host\Features\Items\UpdateItem.cs:line 86
   at FastEndpoints.Endpoint`2.ExecAsync(CancellationToken ct)
   at FastEndpoints.Endpoint`2.ExecAsync(CancellationToken ct)
   at Microsoft.AspNetCore.Http.RequestDelegateFactory.ExecuteResultWriteResponse(IResult result, HttpContext httpContext)
   at Microsoft.AspNetCore.Authorization.AuthorizationMiddleware.Invoke(HttpContext context)
   at Microsoft.AspNetCore.Authentication.AuthenticationMiddleware.Invoke(HttpContext context)
   at Swashbuckle.AspNetCore.SwaggerUI.SwaggerUIMiddleware.Invoke(HttpContext httpContext)
   at Swashbuckle.AspNetCore.Swagger.SwaggerMiddleware.Invoke(HttpContext httpContext, ISwaggerProvider swaggerProvider)
   at Serilog.AspNetCore.RequestLoggingMiddleware.Invoke(HttpContext httpContext)
   at Microsoft.AspNetCore.Diagnostics.DeveloperExceptionPageMiddlewareImpl.Invoke(HttpContext context)
2026-07-01 23:20:05.462 +03:00 [INF] ShelfsService Microsoft.EntityFrameworkCore.Database.Command Executed DbCommand (3ms) [Parameters=[@__itemId_0='?' (DbType = Guid)], CommandType='"Text"', CommandTimeout='30']
SELECT i."Id", i."AttributeColorMain", i."AttributeColorSecond", i."AttributeMatterial", i."AttributePattern", i."AttributeSeason", i."AttributeType", i."BigImage", i."DateCreated", i."Name", i."ShelfId", i."SmallImage", i."UpdatedAt", i."UserId", i."isFavorite", i."positionKey"
FROM shelf_service."Items" AS i
WHERE i."Id" = @__itemId_0
LIMIT 1
2026-07-01 23:20:05.471 +03:00 [INF] ShelfsService Grpc.Net.Client.Internal.GrpcCall Call failed with gRPC error status. Status code: '"Unavailable"', Message: 'Error connecting to subchannel.'.
System.Net.Sockets.SocketException (11001): No such host is known.
   at System.Net.Sockets.Socket.AwaitableSocketAsyncEventArgs.ThrowException(SocketError error, CancellationToken cancellationToken)
   at System.Net.Sockets.Socket.AwaitableSocketAsyncEventArgs.System.Threading.Tasks.Sources.IValueTaskSource.GetResult(Int16 token)
   at System.Net.Sockets.Socket.<ConnectAsync>g__WaitForConnectWithCancellation|285_0(AwaitableSocketAsyncEventArgs saea, ValueTask connectTask, CancellationToken cancellationToken)
   at Grpc.Net.Client.Balancer.Internal.SocketConnectivitySubchannelTransport.TryConnectAsync(ConnectContext context, Int32 attempt)
2026-07-01 23:20:05.498 +03:00 [ERR] ShelfsService Serilog.AspNetCore.RequestLoggingMiddleware HTTP PUT /shelfs/items responded 500 in 91.3209 ms
Grpc.Core.RpcException: Status(StatusCode="Unavailable", Detail="Error connecting to subchannel.", DebugException="System.Net.Sockets.SocketException: No such host is known.")
 ---> System.Net.Sockets.SocketException (11001): No such host is known.
   at System.Net.Sockets.Socket.AwaitableSocketAsyncEventArgs.ThrowException(SocketError error, CancellationToken cancellationToken)
   at System.Net.Sockets.Socket.AwaitableSocketAsyncEventArgs.System.Threading.Tasks.Sources.IValueTaskSource.GetResult(Int16 token)
   at System.Net.Sockets.Socket.<ConnectAsync>g__WaitForConnectWithCancellation|285_0(AwaitableSocketAsyncEventArgs saea, ValueTask connectTask, CancellationToken cancellationToken)
   at Grpc.Net.Client.Balancer.Internal.SocketConnectivitySubchannelTransport.TryConnectAsync(ConnectContext context, Int32 attempt)
   --- End of inner exception stack trace ---
   at Grpc.Net.Client.Balancer.Internal.ConnectionManager.PickAsync(PickContext context, Boolean waitForReady, CancellationToken cancellationToken)
   at Grpc.Net.Client.Balancer.Internal.BalancerHttpHandler.SendAsync(HttpRequestMessage request, CancellationToken cancellationToken)
   at System.Net.Http.HttpMessageInvoker.<SendAsync>g__SendAsyncWithTelemetry|6_0(HttpMessageHandler handler, HttpRequestMessage request, CancellationToken cancellationToken)
   at Grpc.Net.Client.Internal.GrpcCall`2.RunCall(HttpRequestMessage request, Nullable`1 timeout)
   at ShelfsService.src.ShelfsService.Host.Features.Items.UpdateItemCommandHandler.HandleAsync(UpdateItemCommand request, CancellationToken ct) in D:\visualStudio\Projects\OnlineShelf\backend\Microservices\ShelfsService\src\ShelfsService.Host\Features\Items\UpdateItem.cs:line 86
   at FastEndpoints.Endpoint`2.ExecAsync(CancellationToken ct)
   at FastEndpoints.Endpoint`2.ExecAsync(CancellationToken ct)
   at Microsoft.AspNetCore.Http.RequestDelegateFactory.ExecuteResultWriteResponse(IResult result, HttpContext httpContext)
   at Microsoft.AspNetCore.Authorization.AuthorizationMiddleware.Invoke(HttpContext context)
   at Microsoft.AspNetCore.Authentication.AuthenticationMiddleware.Invoke(HttpContext context)
   at Swashbuckle.AspNetCore.SwaggerUI.SwaggerUIMiddleware.Invoke(HttpContext httpContext)
   at Swashbuckle.AspNetCore.Swagger.SwaggerMiddleware.Invoke(HttpContext httpContext, ISwaggerProvider swaggerProvider)
   at Serilog.AspNetCore.RequestLoggingMiddleware.Invoke(HttpContext httpContext)
2026-07-01 23:20:05.501 +03:00 [ERR] ShelfsService Microsoft.AspNetCore.Diagnostics.DeveloperExceptionPageMiddleware An unhandled exception has occurred while executing the request.
Grpc.Core.RpcException: Status(StatusCode="Unavailable", Detail="Error connecting to subchannel.", DebugException="System.Net.Sockets.SocketException: No such host is known.")
 ---> System.Net.Sockets.SocketException (11001): No such host is known.
   at System.Net.Sockets.Socket.AwaitableSocketAsyncEventArgs.ThrowException(SocketError error, CancellationToken cancellationToken)
   at System.Net.Sockets.Socket.AwaitableSocketAsyncEventArgs.System.Threading.Tasks.Sources.IValueTaskSource.GetResult(Int16 token)
   at System.Net.Sockets.Socket.<ConnectAsync>g__WaitForConnectWithCancellation|285_0(AwaitableSocketAsyncEventArgs saea, ValueTask connectTask, CancellationToken cancellationToken)
   at Grpc.Net.Client.Balancer.Internal.SocketConnectivitySubchannelTransport.TryConnectAsync(ConnectContext context, Int32 attempt)
   --- End of inner exception stack trace ---
   at Grpc.Net.Client.Balancer.Internal.ConnectionManager.PickAsync(PickContext context, Boolean waitForReady, CancellationToken cancellationToken)
   at Grpc.Net.Client.Balancer.Internal.BalancerHttpHandler.SendAsync(HttpRequestMessage request, CancellationToken cancellationToken)
   at System.Net.Http.HttpMessageInvoker.<SendAsync>g__SendAsyncWithTelemetry|6_0(HttpMessageHandler handler, HttpRequestMessage request, CancellationToken cancellationToken)
   at Grpc.Net.Client.Internal.GrpcCall`2.RunCall(HttpRequestMessage request, Nullable`1 timeout)
   at ShelfsService.src.ShelfsService.Host.Features.Items.UpdateItemCommandHandler.HandleAsync(UpdateItemCommand request, CancellationToken ct) in D:\visualStudio\Projects\OnlineShelf\backend\Microservices\ShelfsService\src\ShelfsService.Host\Features\Items\UpdateItem.cs:line 86
   at FastEndpoints.Endpoint`2.ExecAsync(CancellationToken ct)
   at FastEndpoints.Endpoint`2.ExecAsync(CancellationToken ct)
   at Microsoft.AspNetCore.Http.RequestDelegateFactory.ExecuteResultWriteResponse(IResult result, HttpContext httpContext)
   at Microsoft.AspNetCore.Authorization.AuthorizationMiddleware.Invoke(HttpContext context)
   at Microsoft.AspNetCore.Authentication.AuthenticationMiddleware.Invoke(HttpContext context)
   at Swashbuckle.AspNetCore.SwaggerUI.SwaggerUIMiddleware.Invoke(HttpContext httpContext)
   at Swashbuckle.AspNetCore.Swagger.SwaggerMiddleware.Invoke(HttpContext httpContext, ISwaggerProvider swaggerProvider)
   at Serilog.AspNetCore.RequestLoggingMiddleware.Invoke(HttpContext httpContext)
   at Microsoft.AspNetCore.Diagnostics.DeveloperExceptionPageMiddlewareImpl.Invoke(HttpContext context)
2026-07-01 23:20:18.303 +03:00 [INF] ShelfsService Serilog.AspNetCore.RequestLoggingMiddleware HTTP OPTIONS /shelfs/items responded 204 in 0.1634 ms
2026-07-01 23:20:18.331 +03:00 [INF] ShelfsService Microsoft.EntityFrameworkCore.Database.Command Executed DbCommand (4ms) [Parameters=[@__itemId_0='?' (DbType = Guid)], CommandType='"Text"', CommandTimeout='30']
SELECT i."Id", i."AttributeColorMain", i."AttributeColorSecond", i."AttributeMatterial", i."AttributePattern", i."AttributeSeason", i."AttributeType", i."BigImage", i."DateCreated", i."Name", i."ShelfId", i."SmallImage", i."UpdatedAt", i."UserId", i."isFavorite", i."positionKey"
FROM shelf_service."Items" AS i
WHERE i."Id" = @__itemId_0
LIMIT 1
2026-07-01 23:20:36.857 +03:00 [INF] ShelfsService Grpc.Net.Client.Internal.GrpcCall Call failed with gRPC error status. Status code: '"Unavailable"', Message: 'Error connecting to subchannel.'.
System.Net.Sockets.SocketException (11001): No such host is known.
   at System.Net.Sockets.Socket.AwaitableSocketAsyncEventArgs.ThrowException(SocketError error, CancellationToken cancellationToken)
   at System.Net.Sockets.Socket.AwaitableSocketAsyncEventArgs.System.Threading.Tasks.Sources.IValueTaskSource.GetResult(Int16 token)
   at System.Net.Sockets.Socket.<ConnectAsync>g__WaitForConnectWithCancellation|285_0(AwaitableSocketAsyncEventArgs saea, ValueTask connectTask, CancellationToken cancellationToken)
   at Grpc.Net.Client.Balancer.Internal.SocketConnectivitySubchannelTransport.TryConnectAsync(ConnectContext context, Int32 attempt)
2026-07-01 23:20:43.195 +03:00 [ERR] ShelfsService Serilog.AspNetCore.RequestLoggingMiddleware HTTP PUT /shelfs/items responded 500 in 24888.1692 ms
Grpc.Core.RpcException: Status(StatusCode="Unavailable", Detail="Error connecting to subchannel.", DebugException="System.Net.Sockets.SocketException: No such host is known.")
 ---> System.Net.Sockets.SocketException (11001): No such host is known.
   at System.Net.Sockets.Socket.AwaitableSocketAsyncEventArgs.ThrowException(SocketError error, CancellationToken cancellationToken)
   at System.Net.Sockets.Socket.AwaitableSocketAsyncEventArgs.System.Threading.Tasks.Sources.IValueTaskSource.GetResult(Int16 token)
   at System.Net.Sockets.Socket.<ConnectAsync>g__WaitForConnectWithCancellation|285_0(AwaitableSocketAsyncEventArgs saea, ValueTask connectTask, CancellationToken cancellationToken)
   at Grpc.Net.Client.Balancer.Internal.SocketConnectivitySubchannelTransport.TryConnectAsync(ConnectContext context, Int32 attempt)
   --- End of inner exception stack trace ---
   at Grpc.Net.Client.Balancer.Internal.ConnectionManager.PickAsync(PickContext context, Boolean waitForReady, CancellationToken cancellationToken)
   at Grpc.Net.Client.Balancer.Internal.BalancerHttpHandler.SendAsync(HttpRequestMessage request, CancellationToken cancellationToken)
   at System.Net.Http.HttpMessageInvoker.<SendAsync>g__SendAsyncWithTelemetry|6_0(HttpMessageHandler handler, HttpRequestMessage request, CancellationToken cancellationToken)
   at Grpc.Net.Client.Internal.GrpcCall`2.RunCall(HttpRequestMessage request, Nullable`1 timeout)
   at ShelfsService.src.ShelfsService.Host.Features.Items.UpdateItemCommandHandler.HandleAsync(UpdateItemCommand request, CancellationToken ct) in D:\visualStudio\Projects\OnlineShelf\backend\Microservices\ShelfsService\src\ShelfsService.Host\Features\Items\UpdateItem.cs:line 86
   at FastEndpoints.Endpoint`2.ExecAsync(CancellationToken ct)
   at FastEndpoints.Endpoint`2.ExecAsync(CancellationToken ct)
   at Microsoft.AspNetCore.Http.RequestDelegateFactory.ExecuteResultWriteResponse(IResult result, HttpContext httpContext)
   at Microsoft.AspNetCore.Authorization.AuthorizationMiddleware.Invoke(HttpContext context)
   at Microsoft.AspNetCore.Authentication.AuthenticationMiddleware.Invoke(HttpContext context)
   at Swashbuckle.AspNetCore.SwaggerUI.SwaggerUIMiddleware.Invoke(HttpContext httpContext)
   at Swashbuckle.AspNetCore.Swagger.SwaggerMiddleware.Invoke(HttpContext httpContext, ISwaggerProvider swaggerProvider)
   at Serilog.AspNetCore.RequestLoggingMiddleware.Invoke(HttpContext httpContext)
2026-07-01 23:20:43.199 +03:00 [ERR] ShelfsService Microsoft.AspNetCore.Diagnostics.DeveloperExceptionPageMiddleware An unhandled exception has occurred while executing the request.
Grpc.Core.RpcException: Status(StatusCode="Unavailable", Detail="Error connecting to subchannel.", DebugException="System.Net.Sockets.SocketException: No such host is known.")
 ---> System.Net.Sockets.SocketException (11001): No such host is known.
   at System.Net.Sockets.Socket.AwaitableSocketAsyncEventArgs.ThrowException(SocketError error, CancellationToken cancellationToken)
   at System.Net.Sockets.Socket.AwaitableSocketAsyncEventArgs.System.Threading.Tasks.Sources.IValueTaskSource.GetResult(Int16 token)
   at System.Net.Sockets.Socket.<ConnectAsync>g__WaitForConnectWithCancellation|285_0(AwaitableSocketAsyncEventArgs saea, ValueTask connectTask, CancellationToken cancellationToken)
   at Grpc.Net.Client.Balancer.Internal.SocketConnectivitySubchannelTransport.TryConnectAsync(ConnectContext context, Int32 attempt)
   --- End of inner exception stack trace ---
   at Grpc.Net.Client.Balancer.Internal.ConnectionManager.PickAsync(PickContext context, Boolean waitForReady, CancellationToken cancellationToken)
   at Grpc.Net.Client.Balancer.Internal.BalancerHttpHandler.SendAsync(HttpRequestMessage request, CancellationToken cancellationToken)
   at System.Net.Http.HttpMessageInvoker.<SendAsync>g__SendAsyncWithTelemetry|6_0(HttpMessageHandler handler, HttpRequestMessage request, CancellationToken cancellationToken)
   at Grpc.Net.Client.Internal.GrpcCall`2.RunCall(HttpRequestMessage request, Nullable`1 timeout)
   at ShelfsService.src.ShelfsService.Host.Features.Items.UpdateItemCommandHandler.HandleAsync(UpdateItemCommand request, CancellationToken ct) in D:\visualStudio\Projects\OnlineShelf\backend\Microservices\ShelfsService\src\ShelfsService.Host\Features\Items\UpdateItem.cs:line 86
   at FastEndpoints.Endpoint`2.ExecAsync(CancellationToken ct)
   at FastEndpoints.Endpoint`2.ExecAsync(CancellationToken ct)
   at Microsoft.AspNetCore.Http.RequestDelegateFactory.ExecuteResultWriteResponse(IResult result, HttpContext httpContext)
   at Microsoft.AspNetCore.Authorization.AuthorizationMiddleware.Invoke(HttpContext context)
   at Microsoft.AspNetCore.Authentication.AuthenticationMiddleware.Invoke(HttpContext context)
   at Swashbuckle.AspNetCore.SwaggerUI.SwaggerUIMiddleware.Invoke(HttpContext httpContext)
   at Swashbuckle.AspNetCore.Swagger.SwaggerMiddleware.Invoke(HttpContext httpContext, ISwaggerProvider swaggerProvider)
   at Serilog.AspNetCore.RequestLoggingMiddleware.Invoke(HttpContext httpContext)
   at Microsoft.AspNetCore.Diagnostics.DeveloperExceptionPageMiddlewareImpl.Invoke(HttpContext context)
